Archive member included to satisfy reference by file (symbol)

/usr/lib/gcc/arm-none-eabi/13.2.1/../../../arm-none-eabi/lib/thumb/v7-m/nofp/libm.a(libm_a-wf_sqrt.o)
                              CMakeFiles/stm32mpu6050.dir/Core/Src/sensor_fusion.c.obj (sqrtf)
/usr/lib/gcc/arm-none-eabi/13.2.1/../../../arm-none-eabi/lib/thumb/v7-m/nofp/libm.a(libm_a-wf_atan2.o)
                              CMakeFiles/stm32mpu6050.dir/Core/Src/sensor_fusion.c.obj (atan2f)
/usr/lib/gcc/arm-none-eabi/13.2.1/../../../arm-none-eabi/lib/thumb/v7-m/nofp/libm.a(libm_a-wf_asin.o)
                              CMakeFiles/stm32mpu6050.dir/Core/Src/sensor_fusion.c.obj (asinf)
/usr/lib/gcc/arm-none-eabi/13.2.1/../../../arm-none-eabi/lib/thumb/v7-m/nofp/libm.a(libm_a-ef_asin.o)
                              /usr/lib/gcc/arm-none-eabi/13.2.1/../../../arm-none-eabi/lib/thumb/v7-m/nofp/libm.a(libm_a-wf_asin.o) (__ieee754_asinf)
/usr/lib/gcc/arm-none-eabi/13.2.1/../../../arm-none-eabi/lib/thumb/v7-m/nofp/libm.a(libm_a-ef_atan2.o)
                              /usr/lib/gcc/arm-none-eabi/13.2.1/../../../arm-none-eabi/lib/thumb/v7-m/nofp/libm.a(libm_a-wf_atan2.o) (__ieee754_atan2f)
/usr/lib/gcc/arm-none-eabi/13.2.1/../../../arm-none-eabi/lib/thumb/v7-m/nofp/libm.a(libm_a-sf_atan.o)
                              /usr/lib/gcc/arm-none-eabi/13.2.1/../../../arm-none-eabi/lib/thumb/v7-m/nofp/libm.a(libm_a-ef_atan2.o) (atanf)
/usr/lib/gcc/arm-none-eabi/13.2.1/../../../arm-none-eabi/lib/thumb/v7-m/nofp/libm.a(libm_a-sf_fabs.o)
                              /usr/lib/gcc/arm-none-eabi/13.2.1/../../../arm-none-eabi/lib/thumb/v7-m/nofp/libm.a(libm_a-wf_asin.o) (fabsf)
/usr/lib/gcc/arm-none-eabi/13.2.1/../../../arm-none-eabi/lib/thumb/v7-m/nofp/libm.a(libm_a-ef_sqrt.o)
                              /usr/lib/gcc/arm-none-eabi/13.2.1/../../../arm-none-eabi/lib/thumb/v7-m/nofp/libm.a(libm_a-wf_sqrt.o) (__ieee754_sqrtf)
/usr/lib/gcc/arm-none-eabi/13.2.1/../../../arm-none-eabi/lib/thumb/v7-m/nofp/libm.a(libm_a-sf_nan.o)
                              /usr/lib/gcc/arm-none-eabi/13.2.1/../../../arm-none-eabi/lib/thumb/v7-m/nofp/libm.a(libm_a-wf_asin.o) (nanf)
/usr/lib/gcc/arm-none-eabi/13.2.1/thumb/v7-m/nofp/libgcc.a(_arm_mulsf3.o)
                              CMakeFiles/stm32mpu6050.dir/Core/Src/control_task.c.obj (__aeabi_fmul)
/usr/lib/gcc/arm-none-eabi/13.2.1/thumb/v7-m/nofp/libgcc.a(_arm_addsubdf3.o)
                              CMakeFiles/stm32mpu6050.dir/Core/Src/cli_shell.c.obj (__aeabi_f2d)
/usr/lib/gcc/arm-none-eabi/13.2.1/thumb/v7-m/nofp/libgcc.a(_arm_addsubsf3.o)
                              CMakeFiles/stm32mpu6050.dir/Core/Src/control_task.c.obj (__aeabi_fsub)
/usr/lib/gcc/arm-none-eabi/13.2.1/thumb/v7-m/nofp/libgcc.a(_arm_muldivsf3.o)
                              CMakeFiles/stm32mpu6050.dir/Core/Src/bsp_mpu6050.c.obj (__aeabi_fdiv)
/usr/lib/gcc/arm-none-eabi/13.2.1/thumb/v7-m/nofp/libgcc.a(_arm_cmpsf2.o)
                              CMakeFiles/stm32mpu6050.dir/Core/Src/control_task.c.obj (__aeabi_fcmplt)
/usr/lib/gcc/arm-none-eabi/13.2.1/thumb/v7-m/nofp/libgcc.a(_arm_unordsf2.o)
                              /usr/lib/gcc/arm-none-eabi/13.2.1/../../../arm-none-eabi/lib/thumb/v7-m/nofp/libm.a(libm_a-wf_sqrt.o) (__aeabi_fcmpun)
/usr/lib/gcc/arm-none-eabi/13.2.1/thumb/v7-m/nofp/libgcc.a(_arm_fixsfsi.o)
                              CMakeFiles/stm32mpu6050.dir/Core/Src/control_task.c.obj (__aeabi_f2iz)
/usr/lib/gcc/arm-none-eabi/13.2.1/thumb/v7-m/nofp/libgcc.a(_arm_fixunssfsi.o)
                              CMakeFiles/stm32mpu6050.dir/Core/Src/tasks/app_tasks.c.obj (__aeabi_f2uiz)
/usr/lib/gcc/arm-none-eabi/13.2.1/../../../arm-none-eabi/lib/thumb/v7-m/nofp/libg_nano.a(libc_a-sprintf.o)
                              CMakeFiles/stm32mpu6050.dir/Core/Src/main.c.obj (sprintf)
/usr/lib/gcc/arm-none-eabi/13.2.1/../../../arm-none-eabi/lib/thumb/v7-m/nofp/libg_nano.a(libc_a-vsnprintf.o)
                              CMakeFiles/stm32mpu6050.dir/Core/Src/cli_shell.c.obj (vsnprintf)
/usr/lib/gcc/arm-none-eabi/13.2.1/../../../arm-none-eabi/lib/thumb/v7-m/nofp/libg_nano.a(libc_a-strlen-stub.o)
                              CMakeFiles/stm32mpu6050.dir/Core/Src/cli_shell.c.obj (strlen)
/usr/lib/gcc/arm-none-eabi/13.2.1/../../../arm-none-eabi/lib/thumb/v7-m/nofp/libg_nano.a(libc_a-strcpy.o)
                              CMakeFiles/stm32mpu6050.dir/Middlewares/FreeRTOS/kernel/tasks.c.obj (strcpy)
/usr/lib/gcc/arm-none-eabi/13.2.1/../../../arm-none-eabi/lib/thumb/v7-m/nofp/libg_nano.a(libc_a-impure.o)
                              /usr/lib/gcc/arm-none-eabi/13.2.1/../../../arm-none-eabi/lib/thumb/v7-m/nofp/libg_nano.a(libc_a-sprintf.o) (_impure_ptr)
/usr/lib/gcc/arm-none-eabi/13.2.1/../../../arm-none-eabi/lib/thumb/v7-m/nofp/libg_nano.a(libc_a-nano-svfprintf.o)
                              /usr/lib/gcc/arm-none-eabi/13.2.1/../../../arm-none-eabi/lib/thumb/v7-m/nofp/libg_nano.a(libc_a-sprintf.o) (_svfprintf_r)
[...]
Memory Configuration

Name             Origin             Length             Attributes
RAM              0x20000000         0x00005000         xrw
FLASH            0x08000000         0x00010000         xr
*default*        0x00000000         0xffffffff

Linker script and memory map

LOAD /usr/lib/gcc/arm-none-eabi/13.2.1/thumb/v7-m/nofp/crti.o
LOAD /usr/lib/gcc/arm-none-eabi/13.2.1/thumb/v7-m/nofp/crtbegin.o
LOAD /usr/lib/gcc/arm-none-eabi/13.2.1/../../../arm-none-eabi/lib/thumb/v7-m/nofp/crt0.o
                0x20005000                        _estack = (ORIGIN (RAM) + LENGTH (RAM))
                0x20004c00                        _sstack = (_estack - _Min_Stack_Size)
                0x00000000                        _Min_Heap_Size = 0x0
                0x00000400                        _Min_Stack_Size = 0x400

.isr_vector     0x08000000      0x10c
                0x08000000                        . = ALIGN (0x4)
 *(.isr_vector)
 .isr_vector    0x08000000      0x10c CMakeFiles/stm32mpu6050.dir/startup_stm32f103xb.s.obj
                0x08000000                g_pfnVectors
                0x0800010c                        . = ALIGN (0x4)

.text           0x08000110     0xa194
                0x08000110                        . = ALIGN (0x4)
 *(.text)
 .text          0x08000110       0x88 /usr/lib/gcc/arm-none-eabi/13.2.1/thumb/v7-m/nofp/crtbegin.o
 .text          0x08000198       0x3c /usr/lib/gcc/arm-none-eabi/13.2.1/../../../arm-none-eabi/lib/thumb/v7-m/nofp/libm.a(libm_a-wf_sqrt.o)
                0x08000198                sqrtf
 .text          0x080001d4        0x4 /usr/lib/gcc/arm-none-eabi/13.2.1/../../../arm-none-eabi/lib/thumb/v7-m/nofp/libm.a(libm_a-wf_atan2.o)
                0x080001d4                atan2f
 .text          0x080001d8       0x40 /usr/lib/gcc/arm-none-eabi/13.2.1/../../../arm-none-eabi/lib/thumb/v7-m/nofp/libm.a(libm_a-wf_asin.o)
                0x080001d8                asinf
 .text          0x08000218      0x29c /usr/lib/gcc/arm-none-eabi/13.2.1/../../../arm-none-eabi/lib/thumb/v7-m/nofp/libm.a(libm_a-ef_asin.o)
                0x08000218                __ieee754_asinf
 .text          0x080004b4      0x110 /usr/lib/gcc/arm-none-eabi/13.2.1/../../../arm-none-eabi/lib/thumb/v7-m/nofp/libm.a(libm_a-ef_atan2.o)
                0x080004b4                __ieee754_atan2f
 .text          0x080005c4      0x228 /usr/lib/gcc/arm-none-eabi/13.2.1/../../../arm-none-eabi/lib/thumb/v7-m/nofp/libm.a(libm_a-sf_atan.o)
                0x080005c4                atanf
 .text          0x080007ec        0x8 /usr/lib/gcc/arm-none-eabi/13.2.1/../../../arm-none-eabi/lib/thumb/v7-m/nofp/libm.a(libm_a-sf_fabs.o)
                0x080007ec                fabsf
 .text          0x080007f4       0xd4 /usr/lib/gcc/arm-none-eabi/13.2.1/../../../arm-none-eabi/lib/thumb/v7-m/nofp/libm.a(libm_a-ef_sqrt.o)
                0x080007f4                __ieee754_sqrtf
 .text          0x080008c8        0x8 /usr/lib/gcc/arm-none-eabi/13.2.1/../../../arm-none-eabi/lib/thumb/v7-m/nofp/libm.a(libm_a-sf_nan.o)
                0x080008c8                nanf
 .text          0x080008d0      0x378 /usr/lib/gcc/arm-none-eabi/13.2.1/thumb/v7-m/nofp/libgcc.a(_arm_addsubdf3.o)
                0x080008d0                __aeabi_drsub
                0x080008d8                __aeabi_dsub
                0x080008d8                __subdf3
                0x080008dc                __adddf3
                0x080008dc                __aeabi_dadd
                0x08000b54                __aeabi_ui2d
                0x08000b54                __floatunsidf
                0x08000b74                __floatsidf
                0x08000b74                __aeabi_i2d
                0x08000b98                __extendsfdf2
                0x08000b98                __aeabi_f2d
                0x08000bdc                __aeabi_ul2d
                0x08000bdc                __floatundidf
                0x08000bec                __floatdidf
                0x08000bec                __aeabi_l2d
 .text          0x08000c48      0x21c /usr/lib/gcc/arm-none-eabi/13.2.1/thumb/v7-m/nofp/libgcc.a(_arm_addsubsf3.o)
                0x08000c48                __aeabi_frsub
                0x08000c50                __subsf3
                0x08000c50                __aeabi_fsub
                0x08000c54                __aeabi_fadd
                0x08000c54                __addsf3
                0x08000db4                __aeabi_ui2f
                0x08000db4                __floatunsisf
                0x08000dbc                __aeabi_i2f
                0x08000dbc                __floatsisf
                0x08000dd8                __floatundisf
                0x08000dd8                __aeabi_ul2f
                0x08000de8                __floatdisf
                0x08000de8                __aeabi_l2f
 .text          0x08000e64      0x2a0 /usr/lib/gcc/arm-none-eabi/13.2.1/thumb/v7-m/nofp/libgcc.a(_arm_muldivsf3.o)
                0x08000e64                __mulsf3
                0x08000e64                __aeabi_fmul
                0x08000fcc                __divsf3
                0x08000fcc                __aeabi_fdiv
 .text          0x08001104       0xec /usr/lib/gcc/arm-none-eabi/13.2.1/thumb/v7-m/nofp/libgcc.a(_arm_cmpsf2.o)
                0x08001104                __gtsf2
                0x08001104                __gesf2
                0x0800110c                __lesf2
                0x0800110c                __ltsf2
                0x08001114                __nesf2
                0x08001114                __eqsf2
                0x08001114                __cmpsf2
                0x08001174                __aeabi_cfrcmple
                0x0800117c                __aeabi_cfcmple
                0x0800117c                __aeabi_cfcmpeq
                0x0800118c                __aeabi_fcmpeq
                0x080011a0                __aeabi_fcmplt
                0x080011b4                __aeabi_fcmple
                0x080011c8                __aeabi_fcmpge
                0x080011dc                __aeabi_fcmpgt
 .text          0x080011f0       0x2c /usr/lib/gcc/arm-none-eabi/13.2.1/thumb/v7-m/nofp/libgcc.a(_arm_unordsf2.o)
                0x080011f0                __aeabi_fcmpun
                0x080011f0                __unordsf2
 .text          0x0800121c       0x4c /usr/lib/gcc/arm-none-eabi/13.2.1/thumb/v7-m/nofp/libgcc.a(_arm_fixsfsi.o)
                0x0800121c                __fixsfsi
                0x0800121c                __aeabi_f2iz
 .text          0x08001268       0x40 /usr/lib/gcc/arm-none-eabi/13.2.1/thumb/v7-m/nofp/libgcc.a(_arm_fixunssfsi.o)
                0x08001268                __aeabi_f2uiz
                0x08001268                __fixunssfsi
 .text          0x080012a8       0x80 /usr/lib/gcc/arm-none-eabi/13.2.1/../../../arm-none-eabi/lib/thumb/v7-m/nofp/libg_nano.a(libc_a-sprintf.o)
                0x080012a8                _siprintf_r
                0x080012a8                _sprintf_r
                0x080012e4                sprintf
                0x080012e4                siprintf
 .text          0x08001328       0xe4 /usr/lib/gcc/arm-none-eabi/13.2.1/../../../arm-none-eabi/lib/thumb/v7-m/nofp/libg_nano.a(libc_a-vsnprintf.o)
                0x08001328                vsnprintf
                0x08001328                vsniprintf
                0x0800139c                _vsnprintf_r
                0x0800139c                _vsniprintf_r
 .text          0x0800140c       0x5c /usr/lib/gcc/arm-none-eabi/13.2.1/../../../arm-none-eabi/lib/thumb/v7-m/nofp/libg_nano.a(libc_a-strlen-stub.o)
                0x0800140c                strlen
 .text          0x08001468      0x400 /usr/lib/gcc/arm-none-eabi/13.2.1/../../../arm-none-eabi/lib/thumb/v7-m/nofp/libg_nano.a(libc_a-nano-svfprintf.o)
                0x08001468                __ssputs_r
                0x08001528                __ssprint_r
                0x08001638                _svfprintf_r
                0x08001638                _svfiprintf_r
 .text          0x08001868       0x50 /usr/lib/gcc/arm-none-eabi/13.2.1/../../../arm-none-eabi/lib/thumb/v7-m/nofp/libg_nano.a(libc_a-init.o)
                0x08001868                __libc_init_array
 .text          0x080018b8       0xa0 /usr/lib/gcc/arm-none-eabi/13.2.1/../../../arm-none-eabi/lib/thumb/v7-m/nofp/libg_nano.a(libc_a-memset.o)
                0x080018b8                memset
 .text          0x08001958        0xc /usr/lib/gcc/arm-none-eabi/13.2.1/../../../arm-none-eabi/lib/thumb/v7-m/nofp/libg_nano.a(libc_a-errno.o)
                0x08001958                __errno
 .text          0x08001964      0x14c /usr/lib/gcc/arm-none-eabi/13.2.1/../../../arm-none-eabi/lib/thumb/v7-m/nofp/libg_nano.a(libc_a-mallocr.o)
                0x080019b0                _malloc_r
 .text          0x08001ab0       0xbc /usr/lib/gcc/arm-none-eabi/13.2.1/../../../arm-none-eabi/lib/thumb/v7-m/nofp/libg_nano.a(libc_a-freer.o)
                0x08001ab0                _free_r
 .text          0x08001b6c       0xfc /usr/lib/gcc/arm-none-eabi/13.2.1/../../../arm-none-eabi/lib/thumb/v7-m/nofp/libg_nano.a(libc_a-memmove.o)
                0x08001b6c                memmove
 .text          0x08001c68       0x10 /usr/lib/gcc/arm-none-eabi/13.2.1/../../../arm-none-eabi/lib/thumb/v7-m/nofp/libg_nano.a(libc_a-atoi.o)
                0x08001c68                atoi
                0x08001c70                _atoi_r
 .text          0x08001c78      0x174 /usr/lib/gcc/arm-none-eabi/13.2.1/../../../arm-none-eabi/lib/thumb/v7-m/nofp/libg_nano.a(libc_a-strtol.o)
                0x08001db0                _strtol_r
                0x08001db4                strtol_l
                0x08001dd0                strtol
 .text          0x08001dec       0xec /usr/lib/gcc/arm-none-eabi/13.2.1/../../../arm-none-eabi/lib/thumb/v7-m/nofp/libg_nano.a(libc_a-memcpy.o)
                0x08001dec                memcpy
 .text          0x08001ed8       0x74 /usr/lib/gcc/arm-none-eabi/13.2.1/../../../arm-none-eabi/lib/thumb/v7-m/nofp/libg_nano.a(libc_a-strtok.o)
                0x08001ed8                strtok
 .text          0x08001f4c       0x64 /usr/lib/gcc/arm-none-eabi/13.2.1/../../../arm-none-eabi/lib/thumb/v7-m/nofp/libg_nano.a(libc_a-reallocr.o)
                0x08001f4c                _realloc_r
 .text          0x08001fb0      0x3a8 /usr/lib/gcc/arm-none-eabi/13.2.1/../../../arm-none-eabi/lib/thumb/v7-m/nofp/libg_nano.a(libc_a-nano-vfprintf_i.o)
                0x08001fb0                _printf_common
                0x080020d4                _printf_i
 .text          0x08002358        0x8 /usr/lib/gcc/arm-none-eabi/13.2.1/../../../arm-none-eabi/lib/thumb/v7-m/nofp/libg_nano.a(libc_a-mlock.o)
                0x08002358                __malloc_lock
                0x0800235c                __malloc_unlock
 .text          0x08002360      0x1bc /usr/lib/gcc/arm-none-eabi/13.2.1/../../../arm-none-eabi/lib/thumb/v7-m/nofp/libg_nano.a(libc_a-strcmp.o)
                0x08002360                strcmp
 .text          0x0800251c       0x98 /usr/lib/gcc/arm-none-eabi/13.2.1/../../../arm-none-eabi/lib/thumb/v7-m/nofp/libg_nano.a(libc_a-memchr-stub.o)
                0x0800251c                memchr
 .text          0x080025b4      0x10c /usr/lib/gcc/arm-none-eabi/13.2.1/../../../arm-none-eabi/lib/thumb/v7-m/nofp/libg_nano.a(libc_a-snprintf.o)
                0x080025b4                _sniprintf_r
                0x080025b4                _snprintf_r
                0x08002634                snprintf
                0x08002634                sniprintf
 .text          0x080026c0       0x4c /usr/lib/gcc/arm-none-eabi/13.2.1/../../../arm-none-eabi/lib/thumb/v7-m/nofp/libg_nano.a(libc_a-assert.o)
                0x080026c0                __assert_func
                0x08002700                __assert
 .text          0x0800270c       0x24 /usr/lib/gcc/arm-none-eabi/13.2.1/../../../arm-none-eabi/lib/thumb/v7-m/nofp/libg_nano.a(libc_a-sbrkr.o)
                0x0800270c                _sbrk_r
 .text          0x08002730       0x10 /usr/lib/gcc/arm-none-eabi/13.2.1/../../../arm-none-eabi/lib/thumb/v7-m/nofp/libg_nano.a(libc_a-msizer.o)
                0x08002730                _malloc_usable_size_r
 .text          0x08002740      0x224 /usr/lib/gcc/arm-none-eabi/13.2.1/../../../arm-none-eabi/lib/thumb/v7-m/nofp/libg_nano.a(libc_a-findfp.o)
                0x08002870                __sfp
                0x08002914                __sinit
                0x08002934                __sfp_lock_acquire
                0x08002938                __sfp_lock_release
                0x0800293c                __fp_lock_all
                0x08002950                __fp_unlock_all
 .text          0x08002964       0x10 /usr/lib/gcc/arm-none-eabi/13.2.1/../../../arm-none-eabi/lib/thumb/v7-m/nofp/libg_nano.a(libc_a-abort.o)
                0x08002964                abort
 .text          0x08002974      0x198 /usr/lib/gcc/arm-none-eabi/13.2.1/../../../arm-none-eabi/lib/thumb/v7-m/nofp/libg_nano.a(libc_a-fflush.o)
                0x08002974                __sflush_r
                0x08002a88                _fflush_r
                0x08002ac0                fflush
 .text          0x08002b0c       0x6c /usr/lib/gcc/arm-none-eabi/13.2.1/../../../arm-none-eabi/lib/thumb/v7-m/nofp/libg_nano.a(libc_a-strtok_r.o)
                0x08002b0c                __strtok_r
                0x08002b70                strtok_r
 .text          0x08002b78       0x44 /usr/lib/gcc/arm-none-eabi/13.2.1/../../../arm-none-eabi/lib/thumb/v7-m/nofp/libg_nano.a(libc_a-fwalk.o)
                0x08002b78                _fwalk_sglue
 .text          0x08002bbc       0x20 /usr/lib/gcc/arm-none-eabi/13.2.1/../../../arm-none-eabi/lib/thumb/v7-m/nofp/libg_nano.a(libc_a-malloc.o)
                0x08002bbc                malloc
                0x08002bcc                free
 .text          0x08002bdc       0x44 /usr/lib/gcc/arm-none-eabi/13.2.1/../../../arm-none-eabi/lib/thumb/v7-m/nofp/libg_nano.a(libc_a-fprintf.o)
                0x08002bdc                _fprintf_r
                0x08002bdc                _fiprintf_r
                0x08002bf8                fprintf
                0x08002bf8                fiprintf
 .text          0x08002c20      0x2ec /usr/lib/gcc/arm-none-eabi/13.2.1/../../../arm-none-eabi/lib/thumb/v7-m/nofp/libg_nano.a(libc_a-nano-vfprintf.o)
                0x08002c48                __sfputs_r
                0x08002c78                __sprint_r
                0x08002c98                _vfiprintf_r
                0x08002c98                _vfprintf_r
                0x08002ef0                vfiprintf
                0x08002ef0                vfprintf
 .text          0x08002f0c       0x9c /usr/lib/gcc/arm-none-eabi/13.2.1/../../../arm-none-eabi/lib/thumb/v7-m/nofp/libg_nano.a(libc_a-wbuf.o)
                0x08002f0c                __swbuf_r
                0x08002f94                __swbuf
 .text          0x08002fa8       0x94 /usr/lib/gcc/arm-none-eabi/13.2.1/../../../arm-none-eabi/lib/thumb/v7-m/nofp/libg_nano.a(libc_a-stdio.o)
                0x08002fa8                __sread
                0x08002fcc                __seofread
                0x08002fd0                __swrite
                0x08003010                __sseek
                0x08003034                __sclose
 .text          0x0800303c      0x2ec /usr/lib/gcc/arm-none-eabi/13.2.1/../../../arm-none-eabi/lib/thumb/v7-m/nofp/libg_nano.a(libc_a-fvwrite.o)
                0x0800303c                __sfvwrite_r
 .text          0x08003328      0x264 /usr/lib/gcc/arm-none-eabi/13.2.1/../../../arm-none-eabi/lib/thumb/v7-m/nofp/libg_nano.a(libc_a-signal.o)
                0x08003328                _init_signal_r
                0x08003354                _signal_r
                0x080033a0                _raise_r
                0x080033f0                __sigtramp_r
                0x08003454                raise
                0x080034a8                signal
                0x080034f4                _init_signal
                0x08003528                __sigtramp
 .text          0x0800358c       0x24 /usr/lib/gcc/arm-none-eabi/13.2.1/../../../arm-none-eabi/lib/thumb/v7-m/nofp/libg_nano.a(libc_a-closer.o)
                0x0800358c                _close_r
 .text          0x080035b0       0xc4 /usr/lib/gcc/arm-none-eabi/13.2.1/../../../arm-none-eabi/lib/thumb/v7-m/nofp/libg_nano.a(libc_a-wsetup.o)
                0x080035b0                __swsetup_r
 .text          0x08003674       0x2c /usr/lib/gcc/arm-none-eabi/13.2.1/../../../arm-none-eabi/lib/thumb/v7-m/nofp/libg_nano.a(libc_a-readr.o)
                0x08003674                _read_r
 .text          0x080036a0      0x110 /usr/lib/gcc/arm-none-eabi/13.2.1/../../../arm-none-eabi/lib/thumb/v7-m/nofp/libg_nano.a(libc_a-makebuf.o)
                0x080036a0                __smakebuf_r
                0x08003764                __swhatbuf_r
 .text          0x080037b0       0x2c /usr/lib/gcc/arm-none-eabi/13.2.1/../../../arm-none-eabi/lib/thumb/v7-m/nofp/libg_nano.a(libc_a-lseekr.o)
                0x080037b0                _lseek_r
 .text          0x080037dc       0x2c /usr/lib/gcc/arm-none-eabi/13.2.1/../../../arm-none-eabi/lib/thumb/v7-m/nofp/libg_nano.a(libc_a-writer.o)
                0x080037dc                _write_r
 .text          0x08003808       0x24 /usr/lib/gcc/arm-none-eabi/13.2.1/../../../arm-none-eabi/lib/thumb/v7-m/nofp/libg_nano.a(libc_a-isattyr.o)
                0x08003808                _isatty_r
 .text          0x0800382c       0x2c /usr/lib/gcc/arm-none-eabi/13.2.1/../../../arm-none-eabi/lib/thumb/v7-m/nofp/libg_nano.a(libc_a-signalr.o)
                0x0800382c                _kill_r
                0x08003854                _getpid_r
 .text          0x08003858       0x28 /usr/lib/gcc/arm-none-eabi/13.2.1/../../../arm-none-eabi/lib/thumb/v7-m/nofp/libg_nano.a(libc_a-fstatr.o)
                0x08003858                _fstat_r
 *(.text*)
 .text.read_reg
                0x08003880       0x1e CMakeFiles/stm32mpu6050.dir/Core/Src/bsp_mpu6050.c.obj
 .text.write_reg
                0x0800389e       0x24 CMakeFiles/stm32mpu6050.dir/Core/Src/bsp_mpu6050.c.obj
 *fill*         0x080038c2        0x2 
 .text.MPU6050_SetAccelFullScale
                0x080038c4       0x40 CMakeFiles/stm32mpu6050.dir/Core/Src/bsp_mpu6050.c.obj
                0x080038c4                MPU6050_SetAccelFullScale
 .text.MPU6050_SetGyroFullScale
                0x08003904       0x40 CMakeFiles/stm32mpu6050.dir/Core/Src/bsp_mpu6050.c.obj
                0x08003904                MPU6050_SetGyroFullScale
 .text.MPU6050_SetSampleRate
                0x08003944       0x3a CMakeFiles/stm32mpu6050.dir/Core/Src/bsp_mpu6050.c.obj
                0x08003944                MPU6050_SetSampleRate
 .text.MPU6050_SetDLPF
                0x0800397e       0x12 CMakeFiles/stm32mpu6050.dir/Core/Src/bsp_mpu6050.c.obj
                0x0800397e                MPU6050_SetDLPF
 .text.MPU6050_Init
                0x08003990       0xac CMakeFiles/stm32mpu6050.dir/Core/Src/bsp_mpu6050.c.obj
                0x08003990                MPU6050_Init
 .text.Protocol_Init
                0x08003a3c       0x18 CMakeFiles/stm32mpu6050.dir/Core/Src/data_protocol.c.obj
                0x08003a3c                Protocol_Init
 .text.crc16    0x08003a54       0x36 CMakeFiles/stm32mpu6050.dir/Core/Src/data_protocol.c.obj
                0x08003a54                crc16
 .text.calc_crc
                0x08003a8a       0x34 CMakeFiles/stm32mpu6050.dir/Core/Src/system_config.c.obj
 .text.SysCfg_SetDefaults
                0x08003abe       0x40 CMakeFiles/stm32mpu6050.dir/Core/Src/system_config.c.obj
                0x08003abe                SysCfg_SetDefaults
 *fill*         0x08003afe        0x2 
 .text.SysCfg_Validate
                0x08003b00       0x54 CMakeFiles/stm32mpu6050.dir/Core/Src/system_config.c.obj
                0x08003b00                SysCfg_Validate
 .text.SysCfg_Load
                0x08003b54       0x3c CMakeFiles/stm32mpu6050.dir/Core/Src/system_config.c.obj
                0x08003b54                SysCfg_Load
 .text.SysCfg_Save
                0x08003b90       0x84 CMakeFiles/stm32mpu6050.dir/Core/Src/system_config.c.obj
                0x08003b90                SysCfg_Save
 .text.cli_tx_lock
                0x08003c14       0x24 CMakeFiles/stm32mpu6050.dir/Core/Src/cli_shell.c.obj
 .text.cli_tx_unlock
                0x08003c38       0x28 CMakeFiles/stm32mpu6050.dir/Core/Src/cli_shell.c.obj
 .text.cli_puts
                0x08003c60       0x28 CMakeFiles/stm32mpu6050.dir/Core/Src/cli_shell.c.obj
 .text.cmd_echo
                0x08003c88       0x60 CMakeFiles/stm32mpu6050.dir/Core/Src/cli_shell.c.obj
 .text.cli_printf
                0x08003ce8       0x44 CMakeFiles/stm32mpu6050.dir/Core/Src/cli_shell.c.obj
 .text.cmd_calib
                0x08003d2c       0x58 CMakeFiles/stm32mpu6050.dir/Core/Src/cli_shell.c.obj
 .text.cmd_wdt  0x08003d84       0x6c CMakeFiles/stm32mpu6050.dir/Core/Src/cli_shell.c.obj
 .text.cmd_defaults
                0x08003df0       0x54 CMakeFiles/stm32mpu6050.dir/Core/Src/cli_shell.c.obj
 .text.safe_atoi
                0x08003e44       0x60 CMakeFiles/stm32mpu6050.dir/Core/Src/cli_shell.c.obj
 .text.cmd_monitor
                0x08003ea4       0x94 CMakeFiles/stm32mpu6050.dir/Core/Src/cli_shell.c.obj
 .text.cmd_link
                0x08003f38       0xa0 CMakeFiles/stm32mpu6050.dir/Core/Src/cli_shell.c.obj
 .text.cmd_tasks
                0x08003fd8      0x144 CMakeFiles/stm32mpu6050.dir/Core/Src/cli_shell.c.obj
 .text.cmd_status
                0x0800411c      0x15c CMakeFiles/stm32mpu6050.dir/Core/Src/cli_shell.c.obj
 .text.cmd_help
                0x08004278       0x2c CMakeFiles/stm32mpu6050.dir/Core/Src/cli_shell.c.obj
 .text.cmd_reset
                0x080042a4       0x24 CMakeFiles/stm32mpu6050.dir/Core/Src/cli_shell.c.obj
 .text.cmd_save
                0x080042c8       0x3c CMakeFiles/stm32mpu6050.dir/Core/Src/cli_shell.c.obj
 .text.cmd_load
                0x08004304       0x78 CMakeFiles/stm32mpu6050.dir/Core/Src/cli_shell.c.obj
 .text.cmd_rate
                0x0800437c       0x44 CMakeFiles/stm32mpu6050.dir/Core/Src/cli_shell.c.obj
 .text.cmd_gyro
                0x080043c0       0x50 CMakeFiles/stm32mpu6050.dir/Core/Src/cli_shell.c.obj
 .text.cmd_accel
                0x08004410       0x50 CMakeFiles/stm32mpu6050.dir/Core/Src/cli_shell.c.obj
 .text.cmd_dlpf
                0x08004460       0x50 CMakeFiles/stm32mpu6050.dir/Core/Src/cli_shell.c.obj
 .text.HAL_UART_RxCpltCallback
                0x080044b0       0x40 CMakeFiles/stm32mpu6050.dir/Core/Src/cli_shell.c.obj
                0x080044b0                HAL_UART_RxCpltCallback
 .text.CLI_Init
                0x080044f0       0x38 CMakeFiles/stm32mpu6050.dir/Core/Src/cli_shell.c.obj
                0x080044f0                CLI_Init
 .text.Task_CLI
                0x08004528      0x29c CMakeFiles/stm32mpu6050.dir/Core/Src/cli_shell.c.obj
                0x08004528                Task_CLI
 .text.TaskWDT_Init
                0x080047c4       0x10 CMakeFiles/stm32mpu6050.dir/Core/Src/task_watchdog.c.obj
                0x080047c4                TaskWDT_Init
 .text.TaskWDT_Register
                0x080047d4       0x38 CMakeFiles/stm32mpu6050.dir/Core/Src/task_watchdog.c.obj
                0x080047d4                TaskWDT_Register
 .text.TaskWDT_CheckIn
                0x0800480c       0x24 CMakeFiles/stm32mpu6050.dir/Core/Src/task_watchdog.c.obj
                0x0800480c                TaskWDT_CheckIn
 .text.TaskWDT_Check
                0x08004830       0x80 CMakeFiles/stm32mpu6050.dir/Core/Src/task_watchdog.c.obj
                0x08004830                TaskWDT_Check
 .text.TaskWDT_GetWorstCase
                0x080048b0       0x34 CMakeFiles/stm32mpu6050.dir/Core/Src/task_watchdog.c.obj
                0x080048b0                TaskWDT_GetWorstCase
 .text.Motor_Init
                0x080048e4       0xe0 CMakeFiles/stm32mpu6050.dir/Core/Src/motor_control.c.obj
                0x080048e4                Motor_Init
 .text.Motor_Set
                0x080049c4       0x78 CMakeFiles/stm32mpu6050.dir/Core/Src/motor_control.c.obj
                0x080049c4                Motor_Set
 .text.Motor_EmergencyStop
                0x08004a3c       0x24 CMakeFiles/stm32mpu6050.dir/Core/Src/motor_control.c.obj
                0x08004a3c                Motor_EmergencyStop
 .text.Motor_ApplyCmd
                0x08004a60       0x94 CMakeFiles/stm32mpu6050.dir/Core/Src/motor_control.c.obj
                0x08004a60                Motor_ApplyCmd
 .text.Control_Init
                0x08004af4       0x20 CMakeFiles/stm32mpu6050.dir/Core/Src/control_task.c.obj
                0x08004af4                Control_Init
 .text.Task_Control
                0x08004b14      0x368 CMakeFiles/stm32mpu6050.dir/Core/Src/control_task.c.obj
                0x08004b14                Task_Control
 .text.Fusion_Init
                0x08004e7c       0x18 CMakeFiles/stm32mpu6050.dir/Core/Src/sensor_fusion.c.obj
                0x08004e7c                Fusion_Init
 .text.Fusion_Update
                0x08004e94      0x500 CMakeFiles/stm32mpu6050.dir/Core/Src/sensor_fusion.c.obj
                0x08004e94                Fusion_Update
 .text.Task_Acquire
                0x08005394      0x110 CMakeFiles/stm32mpu6050.dir/Core/Src/tasks/app_tasks.c.obj
                0x08005394                Task_Acquire
 .text.Task_Monitor
                0x080054a4      0x134 CMakeFiles/stm32mpu6050.dir/Core/Src/tasks/app_tasks.c.obj
                0x080054a4                Task_Monitor
 .text.uart_rx_consume
                0x080055d8      0x204 CMakeFiles/stm32mpu6050.dir/Core/Src/tasks/app_tasks.c.obj
 .text.Task_Comm
                0x080057dc      0x1ac CMakeFiles/stm32mpu6050.dir/Core/Src/tasks/app_tasks.c.obj
                0x080057dc                Task_Comm
 .text.vApplicationMallocFailedHook
                0x08005988       0x30 CMakeFiles/stm32mpu6050.dir/Core/Src/tasks/app_tasks.c.obj
                0x08005988                vApplicationMallocFailedHook
 .text.vApplicationStackOverflowHook
                0x080059b8       0x38 CMakeFiles/stm32mpu6050.dir/Core/Src/tasks/app_tasks.c.obj
                0x080059b8                vApplicationStackOverflowHook
 .text.vApplicationIdleHook
                0x080059f0       0x10 CMakeFiles/stm32mpu6050.dir/Core/Src/tasks/app_tasks.c.obj
                0x080059f0                vApplicationIdleHook
 .text.vConfigureTimerForRunTimeStats
                0x08005a00       0x44 CMakeFiles/stm32mpu6050.dir/Core/Src/tasks/app_tasks.c.obj
                0x08005a00                vConfigureTimerForRunTimeStats
 .text.vGetRunTimeCounterValue
                0x08005a44        0xc CMakeFiles/stm32mpu6050.dir/Core/Src/tasks/app_tasks.c.obj
                0x08005a44                vGetRunTimeCounterValue
 .text.AppTasks_Init
                0x08005a50      0x1a0 CMakeFiles/stm32mpu6050.dir/Core/Src/tasks/app_tasks.c.obj
                0x08005a50                AppTasks_Init
 .text.PendSV_Handler
                0x08005bf0        0x4 CMakeFiles/stm32mpu6050.dir/Core/Src/tasks/freertos_vector.c.obj
                0x08005bf0                PendSV_Handler
 .text.SVC_Handler
                0x08005bf4        0x4 CMakeFiles/stm32mpu6050.dir/Core/Src/tasks/freertos_vector.c.obj
                0x08005bf4                SVC_Handler
 .text.vPortSetupTimerInterrupt
                0x08005bf8       0x24 CMakeFiles/stm32mpu6050.dir/Core/Src/tasks/freertos_vector.c.obj
                0x08005bf8                vPortSetupTimerInterrupt
 .text.vListInitialise
                0x08005c1c       0x16 CMakeFiles/stm32mpu6050.dir/Middlewares/FreeRTOS/kernel/list.c.obj
                0x08005c1c                vListInitialise
 .text.vListInitialiseItem
                0x08005c32        0x6 CMakeFiles/stm32mpu6050.dir/Middlewares/FreeRTOS/kernel/list.c.obj
                0x08005c32                vListInitialiseItem
 .text.vListInsertEnd
                0x08005c38       0x16 CMakeFiles/stm32mpu6050.dir/Middlewares/FreeRTOS/kernel/list.c.obj
                0x08005c38                vListInsertEnd
 .text.vListInsert
                0x08005c4e       0x2e CMakeFiles/stm32mpu6050.dir/Middlewares/FreeRTOS/kernel/list.c.obj
                0x08005c4e                vListInsert
 .text.uxListRemove
                0x08005c7c       0x1e CMakeFiles/stm32mpu6050.dir/Middlewares/FreeRTOS/kernel/list.c.obj
                0x08005c7c                uxListRemove
 *fill*         0x08005c9a        0x2 
 .text.prvPortStartFirstTask
                0x08005c9c       0x20 CMakeFiles/stm32mpu6050.dir/Middlewares/FreeRTOS/kernel/portable/GCC/ARM_CM3/port.c.obj
 .text.prvTaskExitError
                0x08005cbc       0x40 CMakeFiles/stm32mpu6050.dir/Middlewares/FreeRTOS/kernel/portable/GCC/ARM_CM3/port.c.obj
 .text.pxPortInitialiseStack
                0x08005cfc       0x24 CMakeFiles/stm32mpu6050.dir/Middlewares/FreeRTOS/kernel/portable/GCC/ARM_CM3/port.c.obj
                0x08005cfc                pxPortInitialiseStack
 .text.vPortSVCHandler
                0x08005d20       0x24 CMakeFiles/stm32mpu6050.dir/Middlewares/FreeRTOS/kernel/portable/GCC/ARM_CM3/port.c.obj
                0x08005d20                vPortSVCHandler
 .text.vPortEnterCritical
                0x08005d44       0x40 CMakeFiles/stm32mpu6050.dir/Middlewares/FreeRTOS/kernel/portable/GCC/ARM_CM3/port.c.obj
                0x08005d44                vPortEnterCritical
 .text.vPortExitCritical
                0x08005d84       0x28 CMakeFiles/stm32mpu6050.dir/Middlewares/FreeRTOS/kernel/portable/GCC/ARM_CM3/port.c.obj
                0x08005d84                vPortExitCritical
 *fill*         0x08005dac        0x4 
 .text.xPortPendSVHandler
                0x08005db0       0x44 CMakeFiles/stm32mpu6050.dir/Middlewares/FreeRTOS/kernel/portable/GCC/ARM_CM3/port.c.obj
                0x08005db0                xPortPendSVHandler
 .text.xPortSysTickHandler
                0x08005df4       0x2c CMakeFiles/stm32mpu6050.dir/Middlewares/FreeRTOS/kernel/portable/GCC/ARM_CM3/port.c.obj
                0x08005df4                xPortSysTickHandler
 .text.xPortStartScheduler
                0x08005e20       0xe4 CMakeFiles/stm32mpu6050.dir/Middlewares/FreeRTOS/kernel/portable/GCC/ARM_CM3/port.c.obj
                0x08005e20                xPortStartScheduler
 .text.prvIsQueueEmpty
                0x08005f04       0x16 CMakeFiles/stm32mpu6050.dir/Middlewares/FreeRTOS/kernel/queue.c.obj
 .text.prvCopyDataToQueue
                0x08005f1a       0x66 CMakeFiles/stm32mpu6050.dir/Middlewares/FreeRTOS/kernel/queue.c.obj
 .text.prvCopyDataFromQueue
                0x08005f80       0x28 CMakeFiles/stm32mpu6050.dir/Middlewares/FreeRTOS/kernel/queue.c.obj
 .text.prvUnlockQueue
                0x08005fa8       0x6c CMakeFiles/stm32mpu6050.dir/Middlewares/FreeRTOS/kernel/queue.c.obj
 .text.xQueueGenericReset
                0x08006014       0x9a CMakeFiles/stm32mpu6050.dir/Middlewares/FreeRTOS/kernel/queue.c.obj
                0x08006014                xQueueGenericReset
 .text.xQueueGenericCreate
                0x080060ae       0x54 CMakeFiles/stm32mpu6050.dir/Middlewares/FreeRTOS/kernel/queue.c.obj
                0x080060ae                xQueueGenericCreate
 .text.xQueueGenericSend
                0x08006102      0x164 CMakeFiles/stm32mpu6050.dir/Middlewares/FreeRTOS/kernel/queue.c.obj
                0x08006102                xQueueGenericSend
 .text.xQueueCreateMutex
                0x08006266       0x24 CMakeFiles/stm32mpu6050.dir/Middlewares/FreeRTOS/kernel/queue.c.obj
                0x08006266                xQueueCreateMutex
 .text.xQueueReceive
                0x0800628a      0x13c CMakeFiles/stm32mpu6050.dir/Middlewares/FreeRTOS/kernel/queue.c.obj
                0x0800628a                xQueueReceive
 .text.xQueueSemaphoreTake
                0x080063c6      0x168 CMakeFiles/stm32mpu6050.dir/Middlewares/FreeRTOS/kernel/queue.c.obj
                0x080063c6                xQueueSemaphoreTake
 .text.uxQueueMessagesWaiting
                0x0800652e       0x26 CMakeFiles/stm32mpu6050.dir/Middlewares/FreeRTOS/kernel/queue.c.obj
                0x0800652e                uxQueueMessagesWaiting
 .text.uxQueueSpacesAvailable
                0x08006554       0x2a CMakeFiles/stm32mpu6050.dir/Middlewares/FreeRTOS/kernel/queue.c.obj
                0x08006554                uxQueueSpacesAvailable
 *fill*         0x0800657e        0x2 
 .text.vQueueAddToRegistry
                0x08006580       0x50 CMakeFiles/stm32mpu6050.dir/Middlewares/FreeRTOS/kernel/queue.c.obj
                0x08006580                vQueueAddToRegistry
 .text.vQueueWaitForMessageRestricted
                0x080065d0       0x46 CMakeFiles/stm32mpu6050.dir/Middlewares/FreeRTOS/kernel/queue.c.obj
                0x080065d0                vQueueWaitForMessageRestricted
 *fill*         0x08006616        0x2 
 .text.prvAddCurrentTaskToDelayedList
                0x08006618       0xac CMakeFiles/stm32mpu6050.dir/Middlewares/FreeRTOS/kernel/tasks.c.obj
 .text.prvTaskIsTaskSuspended
                0x080066c4       0x40 CMakeFiles/stm32mpu6050.dir/Middlewares/FreeRTOS/kernel/tasks.c.obj
 .text.prvResetNextTaskUnblockTime
                0x08006704       0x24 CMakeFiles/stm32mpu6050.dir/Middlewares/FreeRTOS/kernel/tasks.c.obj
 .text.prvCheckTasksWaitingTermination
                0x08006728       0x48 CMakeFiles/stm32mpu6050.dir/Middlewares/FreeRTOS/kernel/tasks.c.obj
 .text.prvIdleTask
                0x08006770       0x2c CMakeFiles/stm32mpu6050.dir/Middlewares/FreeRTOS/kernel/tasks.c.obj
 .text.xTaskCreate
                0x0800679c      0x1d4 CMakeFiles/stm32mpu6050.dir/Middlewares/FreeRTOS/kernel/tasks.c.obj
                0x0800679c                xTaskCreate
 .text.eTaskGetState
                0x08006970       0x98 CMakeFiles/stm32mpu6050.dir/Middlewares/FreeRTOS/kernel/tasks.c.obj
                0x08006970                eTaskGetState
 .text.vTaskResume
                0x08006a08       0x98 CMakeFiles/stm32mpu6050.dir/Middlewares/FreeRTOS/kernel/tasks.c.obj
                0x08006a08                vTaskResume
 .text.vTaskStartScheduler
                0x08006aa0       0x98 CMakeFiles/stm32mpu6050.dir/Middlewares/FreeRTOS/kernel/tasks.c.obj
                0x08006aa0                vTaskStartScheduler
 .text.vTaskSuspendAll
                0x08006b38       0x10 CMakeFiles/stm32mpu6050.dir/Middlewares/FreeRTOS/kernel/tasks.c.obj
                0x08006b38                vTaskSuspendAll
 .text.xTaskGetTickCount
                0x08006b48        0xc CMakeFiles/stm32mpu6050.dir/Middlewares/FreeRTOS/kernel/tasks.c.obj
                0x08006b48                xTaskGetTickCount
 .text.xTaskIncrementTick
                0x08006b54      0x190 CMakeFiles/stm32mpu6050.dir/Middlewares/FreeRTOS/kernel/tasks.c.obj
                0x08006b54                xTaskIncrementTick
 .text.xTaskResumeAll
                0x08006ce4      0x160 CMakeFiles/stm32mpu6050.dir/Middlewares/FreeRTOS/kernel/tasks.c.obj
                0x08006ce4                xTaskResumeAll
 .text.xTaskDelayUntil
                0x08006e44       0x9c CMakeFiles/stm32mpu6050.dir/Middlewares/FreeRTOS/kernel/tasks.c.obj
                0x08006e44                xTaskDelayUntil
 .text.vTaskDelay
                0x08006ee0       0x4c CMakeFiles/stm32mpu6050.dir/Middlewares/FreeRTOS/kernel/tasks.c.obj
                0x08006ee0                vTaskDelay
 .text.vTaskSwitchContext
                0x08006f2c       0xd0 CMakeFiles/stm32mpu6050.dir/Middlewares/FreeRTOS/kernel/tasks.c.obj
                0x08006f2c                vTaskSwitchContext
 .text.vTaskSuspend
                0x08006ffc       0xd8 CMakeFiles/stm32mpu6050.dir/Middlewares/FreeRTOS/kernel/tasks.c.obj
                0x08006ffc                vTaskSuspend
 .text.vTaskPlaceOnEventList
                0x080070d4       0x34 CMakeFiles/stm32mpu6050.dir/Middlewares/FreeRTOS/kernel/tasks.c.obj
                0x080070d4                vTaskPlaceOnEventList
 .text.vTaskPlaceOnEventListRestricted
                0x08007108       0x5c CMakeFiles/stm32mpu6050.dir/Middlewares/FreeRTOS/kernel/tasks.c.obj
                0x08007108                vTaskPlaceOnEventListRestricted
 .text.xTaskRemoveFromEventList
                0x08007164       0xcc CMakeFiles/stm32mpu6050.dir/Middlewares/FreeRTOS/kernel/tasks.c.obj
                0x08007164                xTaskRemoveFromEventList
 .text.vTaskInternalSetTimeOutState
                0x08007230       0x18 CMakeFiles/stm32mpu6050.dir/Middlewares/FreeRTOS/kernel/tasks.c.obj
                0x08007230                vTaskInternalSetTimeOutState
 .text.xTaskCheckForTimeOut
                0x08007248       0x78 CMakeFiles/stm32mpu6050.dir/Middlewares/FreeRTOS/kernel/tasks.c.obj
                0x08007248                xTaskCheckForTimeOut
 .text.vTaskMissedYield
                0x080072c0        0xc CMakeFiles/stm32mpu6050.dir/Middlewares/FreeRTOS/kernel/tasks.c.obj
                0x080072c0                vTaskMissedYield
 .text.uxTaskGetStackHighWaterMark
                0x080072cc       0x1c CMakeFiles/stm32mpu6050.dir/Middlewares/FreeRTOS/kernel/tasks.c.obj
                0x080072cc                uxTaskGetStackHighWaterMark
 .text.xTaskGetSchedulerState
                0x080072e8       0x20 CMakeFiles/stm32mpu6050.dir/Middlewares/FreeRTOS/kernel/tasks.c.obj
                0x080072e8                xTaskGetSchedulerState
 .text.xTaskPriorityInherit
                0x08007308       0xa0 CMakeFiles/stm32mpu6050.dir/Middlewares/FreeRTOS/kernel/tasks.c.obj
                0x08007308                xTaskPriorityInherit
 .text.xTaskPriorityDisinherit
                0x080073a8       0xa4 CMakeFiles/stm32mpu6050.dir/Middlewares/FreeRTOS/kernel/tasks.c.obj
                0x080073a8                xTaskPriorityDisinherit
 .text.vTaskPriorityDisinheritAfterTimeout
                0x0800744c       0xb4 CMakeFiles/stm32mpu6050.dir/Middlewares/FreeRTOS/kernel/tasks.c.obj
                0x0800744c                vTaskPriorityDisinheritAfterTimeout
 .text.pvTaskIncrementMutexHeldCount
                0x08007500       0x14 CMakeFiles/stm32mpu6050.dir/Middlewares/FreeRTOS/kernel/tasks.c.obj
                0x08007500                pvTaskIncrementMutexHeldCount
 .text.prvInsertTimerInActiveList
                0x08007514       0x3c CMakeFiles/stm32mpu6050.dir/Middlewares/FreeRTOS/kernel/timers.c.obj
 .text.prvReloadTimer
                0x08007550       0x26 CMakeFiles/stm32mpu6050.dir/Middlewares/FreeRTOS/kernel/timers.c.obj
 *fill*         0x08007576        0x2 
 .text.prvProcessExpiredTimer
                0x08007578       0x40 CMakeFiles/stm32mpu6050.dir/Middlewares/FreeRTOS/kernel/timers.c.obj
 .text.prvSampleTimeNow
                0x080075b8       0x4c CMakeFiles/stm32mpu6050.dir/Middlewares/FreeRTOS/kernel/timers.c.obj
 .text.prvTimerTask
                0x08007604      0x170 CMakeFiles/stm32mpu6050.dir/Middlewares/FreeRTOS/kernel/timers.c.obj
 .text.prvCheckForValidListAndQueue
                0x08007774       0x58 CMakeFiles/stm32mpu6050.dir/Middlewares/FreeRTOS/kernel/timers.c.obj
 .text.xTimerCreateTimerTask
                0x080077cc       0x4c CMakeFiles/stm32mpu6050.dir/Middlewares/FreeRTOS/kernel/timers.c.obj
                0x080077cc                xTimerCreateTimerTask
 .text.pvPortMalloc
                0x08007818      0x198 CMakeFiles/stm32mpu6050.dir/Middlewares/FreeRTOS/kernel/portable/MemMang/heap_4.c.obj
                0x08007818                pvPortMalloc
 .text.vPortFree
                0x080079b0       0xfc CMakeFiles/stm32mpu6050.dir/Middlewares/FreeRTOS/kernel/portable/MemMang/heap_4.c.obj
                0x080079b0                vPortFree
 .text.xPortGetFreeHeapSize
                0x08007aac        0xc CMakeFiles/stm32mpu6050.dir/Middlewares/FreeRTOS/kernel/portable/MemMang/heap_4.c.obj
                0x08007aac                xPortGetFreeHeapSize
 .text.SystemClock_Config
                0x08007ab8       0x78 CMakeFiles/stm32mpu6050.dir/Core/Src/main.c.obj
                0x08007ab8                SystemClock_Config
 .text.startup.main
                0x08007b30      0x208 CMakeFiles/stm32mpu6050.dir/Core/Src/main.c.obj
                0x08007b30                main
 .text.Error_Handler
                0x08007d38        0x4 CMakeFiles/stm32mpu6050.dir/Core/Src/main.c.obj
                0x08007d38                Error_Handler
 .text.NMI_Handler
                0x08007d3c        0x2 CMakeFiles/stm32mpu6050.dir/Core/Src/stm32f1xx_it.c.obj
                0x08007d3c                NMI_Handler
 .text.HardFault_Handler
                0x08007d3e        0x2 CMakeFiles/stm32mpu6050.dir/Core/Src/stm32f1xx_it.c.obj
                0x08007d3e                HardFault_Handler
 .text.MemManage_Handler
                0x08007d40        0x2 CMakeFiles/stm32mpu6050.dir/Core/Src/stm32f1xx_it.c.obj
                0x08007d40                MemManage_Handler
 .text.BusFault_Handler
                0x08007d42        0x2 CMakeFiles/stm32mpu6050.dir/Core/Src/stm32f1xx_it.c.obj
                0x08007d42                BusFault_Handler
 .text.UsageFault_Handler
                0x08007d44        0x2 CMakeFiles/stm32mpu6050.dir/Core/Src/stm32f1xx_it.c.obj
                0x08007d44                UsageFault_Handler
 .text.DebugMon_Handler
                0x08007d46        0x2 CMakeFiles/stm32mpu6050.dir/Core/Src/stm32f1xx_it.c.obj
                0x08007d46                DebugMon_Handler
 .text.SysTick_Handler
                0x08007d48       0x18 CMakeFiles/stm32mpu6050.dir/Core/Src/stm32f1xx_it.c.obj
                0x08007d48                SysTick_Handler
 .text.TIM2_IRQHandler
                0x08007d60        0xc CMakeFiles/stm32mpu6050.dir/Core/Src/stm32f1xx_it.c.obj
                0x08007d60                TIM2_IRQHandler
 .text.USART1_IRQHandler
                0x08007d6c        0xc CMakeFiles/stm32mpu6050.dir/Core/Src/stm32f1xx_it.c.obj
                0x08007d6c                USART1_IRQHandler
 .text.DMA1_Channel4_IRQHandler
                0x08007d78        0xc CMakeFiles/stm32mpu6050.dir/Core/Src/stm32f1xx_it.c.obj
                0x08007d78                DMA1_Channel4_IRQHandler
 .text.USB_LP_CAN1_RX0_IRQHandler
                0x08007d84        0x2 CMakeFiles/stm32mpu6050.dir/Core/Src/stm32f1xx_it.c.obj
                0x08007d84                USB_LP_CAN1_RX0_IRQHandler
 *fill*         0x08007d86        0x2 
 .text.HAL_MspInit
                0x08007d88       0x44 CMakeFiles/stm32mpu6050.dir/Core/Src/stm32f1xx_hal_msp.c.obj
                0x08007d88                HAL_MspInit
 .text.HAL_I2C_MspInit
                0x08007dcc       0x64 CMakeFiles/stm32mpu6050.dir/Core/Src/stm32f1xx_hal_msp.c.obj
                0x08007dcc                HAL_I2C_MspInit
 .text.HAL_TIM_Base_MspInit
                0x08007e30       0x3c CMakeFiles/stm32mpu6050.dir/Core/Src/stm32f1xx_hal_msp.c.obj
                0x08007e30                HAL_TIM_Base_MspInit
 .text.HAL_UART_MspInit
                0x08007e6c       0xdc CMakeFiles/stm32mpu6050.dir/Core/Src/stm32f1xx_hal_msp.c.obj
                0x08007e6c                HAL_UART_MspInit
 .text._sbrk    0x08007f48       0x40 CMakeFiles/stm32mpu6050.dir/Core/Src/sysmem.c.obj
                0x08007f48                _sbrk
 .text._getpid  0x08007f88        0x4 CMakeFiles/stm32mpu6050.dir/Core/Src/syscalls.c.obj
                0x08007f88                _getpid
 .text._kill    0x08007f8c       0x10 CMakeFiles/stm32mpu6050.dir/Core/Src/syscalls.c.obj
                0x08007f8c                _kill
 .text._exit    0x08007f9c        0xc CMakeFiles/stm32mpu6050.dir/Core/Src/syscalls.c.obj
                0x08007f9c                _exit
 .text._read    0x08007fa8       0x1c CMakeFiles/stm32mpu6050.dir/Core/Src/syscalls.c.obj
                0x08007fa8                _read
 .text._write   0x08007fc4       0x1c CMakeFiles/stm32mpu6050.dir/Core/Src/syscalls.c.obj
                0x08007fc4                _write
 .text._close   0x08007fe0        0x6 CMakeFiles/stm32mpu6050.dir/Core/Src/syscalls.c.obj
                0x08007fe0                _close
 .text._fstat   0x08007fe6        0xa CMakeFiles/stm32mpu6050.dir/Core/Src/syscalls.c.obj
                0x08007fe6                _fstat
 .text._isatty  0x08007ff0        0x4 CMakeFiles/stm32mpu6050.dir/Core/Src/syscalls.c.obj
                0x08007ff0                _isatty
 .text._lseek   0x08007ff4        0x4 CMakeFiles/stm32mpu6050.dir/Core/Src/syscalls.c.obj
                0x08007ff4                _lseek
 .text.Reset_Handler
                0x08007ff8       0x48 CMakeFiles/stm32mpu6050.dir/startup_stm32f103xb.s.obj
                0x08007ff8                Reset_Handler
 .text.Default_Handler
                0x08008040        0x2 CMakeFiles/stm32mpu6050.dir/startup_stm32f103xb.s.obj
                0x08008040                RTC_Alarm_IRQHandler
                0x08008040                EXTI2_IRQHandler
                0x08008040                TIM1_CC_IRQHandler
                0x08008040                PVD_IRQHandler
                0x08008040                EXTI3_IRQHandler
                0x08008040                EXTI0_IRQHandler
                0x08008040                I2C2_EV_IRQHandler
                0x08008040                ADC1_2_IRQHandler
                0x08008040                SPI1_IRQHandler
                0x08008040                TAMPER_IRQHandler
                0x08008040                USART3_IRQHandler
                0x08008040                RTC_IRQHandler
                0x08008040                DMA1_Channel7_IRQHandler
                0x08008040                CAN1_RX1_IRQHandler
                0x08008040                TIM4_IRQHandler
                0x08008040                I2C1_EV_IRQHandler
                0x08008040                DMA1_Channel6_IRQHandler
                0x08008040                TIM3_IRQHandler
                0x08008040                RCC_IRQHandler
                0x08008040                TIM1_TRG_COM_IRQHandler
                0x08008040                DMA1_Channel1_IRQHandler
                0x08008040                Default_Handler
                0x08008040                EXTI15_10_IRQHandler
                0x08008040                EXTI9_5_IRQHandler
                0x08008040                SPI2_IRQHandler
                0x08008040                DMA1_Channel5_IRQHandler
                0x08008040                EXTI4_IRQHandler
                0x08008040                USB_HP_CAN1_TX_IRQHandler
                0x08008040                DMA1_Channel3_IRQHandler
                0x08008040                TIM1_UP_IRQHandler
                0x08008040                WWDG_IRQHandler
                0x08008040                TIM1_BRK_IRQHandler
                0x08008040                EXTI1_IRQHandler
                0x08008040                USART2_IRQHandler
                0x08008040                I2C2_ER_IRQHandler
                0x08008040                DMA1_Channel2_IRQHandler
                0x08008040                CAN1_SCE_IRQHandler
                0x08008040                FLASH_IRQHandler
                0x08008040                I2C1_ER_IRQHandler
                0x08008040                USBWakeUp_IRQHandler
 .text.SystemInit
                0x08008042        0x2 cmake/stm32cubemx/CMakeFiles/STM32_Drivers.dir/__/__/Core/Src/system_stm32f1xx.c.obj
                0x08008042                SystemInit
 .text.I2C_IsAcknowledgeFailed
                0x08008044       0x32 cmake/stm32cubemx/CMakeFiles/STM32_Drivers.dir/__/__/Drivers/STM32F1xx_HAL_Driver/Src/stm32f1xx_hal_i2c.c.obj
 .text.I2C_WaitOnFlagUntilTimeout
                0x08008076       0x80 cmake/stm32cubemx/CMakeFiles/STM32_Drivers.dir/__/__/Drivers/STM32F1xx_HAL_Driver/Src/stm32f1xx_hal_i2c.c.obj
 .text.I2C_WaitOnMasterAddressFlagUntilTimeout
                0x080080f6       0x84 cmake/stm32cubemx/CMakeFiles/STM32_Drivers.dir/__/__/Drivers/STM32F1xx_HAL_Driver/Src/stm32f1xx_hal_i2c.c.obj
 .text.I2C_WaitOnTXEFlagUntilTimeout
                0x0800817a       0x54 cmake/stm32cubemx/CMakeFiles/STM32_Drivers.dir/__/__/Drivers/STM32F1xx_HAL_Driver/Src/stm32f1xx_hal_i2c.c.obj
 *fill*         0x080081ce        0x2 
 .text.I2C_RequestMemoryWrite
                0x080081d0       0xb4 cmake/stm32cubemx/CMakeFiles/STM32_Drivers.dir/__/__/Drivers/STM32F1xx_HAL_Driver/Src/stm32f1xx_hal_i2c.c.obj
 .text.I2C_RequestMemoryRead
                0x08008284      0x108 cmake/stm32cubemx/CMakeFiles/STM32_Drivers.dir/__/__/Drivers/STM32F1xx_HAL_Driver/Src/stm32f1xx_hal_i2c.c.obj
 .text.I2C_WaitOnBTFFlagUntilTimeout
                0x0800838c       0x54 cmake/stm32cubemx/CMakeFiles/STM32_Drivers.dir/__/__/Drivers/STM32F1xx_HAL_Driver/Src/stm32f1xx_hal_i2c.c.obj
 .text.I2C_WaitOnRXNEFlagUntilTimeout
                0x080083e0       0x66 cmake/stm32cubemx/CMakeFiles/STM32_Drivers.dir/__/__/Drivers/STM32F1xx_HAL_Driver/Src/stm32f1xx_hal_i2c.c.obj
 *fill*         0x08008446        0x2 
 .text.HAL_I2C_Init
                0x08008448      0x150 cmake/stm32cubemx/CMakeFiles/STM32_Drivers.dir/__/__/Drivers/STM32F1xx_HAL_Driver/Src/stm32f1xx_hal_i2c.c.obj
                0x08008448                HAL_I2C_Init
 .text.HAL_I2C_Mem_Write
                0x08008598      0x120 cmake/stm32cubemx/CMakeFiles/STM32_Drivers.dir/__/__/Drivers/STM32F1xx_HAL_Driver/Src/stm32f1xx_hal_i2c.c.obj
                0x08008598                HAL_I2C_Mem_Write
 .text.HAL_I2C_Mem_Read
                0x080086b8      0x288 cmake/stm32cubemx/CMakeFiles/STM32_Drivers.dir/__/__/Drivers/STM32F1xx_HAL_Driver/Src/stm32f1xx_hal_i2c.c.obj
                0x080086b8                HAL_I2C_Mem_Read
 .text.HAL_InitTick
                0x08008940       0x48 cmake/stm32cubemx/CMakeFiles/STM32_Drivers.dir/__/__/Drivers/STM32F1xx_HAL_Driver/Src/stm32f1xx_hal.c.obj
                0x08008940                HAL_InitTick
 .text.HAL_Init
                0x08008988       0x24 cmake/stm32cubemx/CMakeFiles/STM32_Drivers.dir/__/__/Drivers/STM32F1xx_HAL_Driver/Src/stm32f1xx_hal.c.obj
                0x08008988                HAL_Init
 .text.HAL_IncTick
                0x080089ac       0x18 cmake/stm32cubemx/CMakeFiles/STM32_Drivers.dir/__/__/Drivers/STM32F1xx_HAL_Driver/Src/stm32f1xx_hal.c.obj
                0x080089ac                HAL_IncTick
 .text.HAL_GetTick
                0x080089c4        0xc cmake/stm32cubemx/CMakeFiles/STM32_Drivers.dir/__/__/Drivers/STM32F1xx_HAL_Driver/Src/stm32f1xx_hal.c.obj
                0x080089c4                HAL_GetTick
 .text.HAL_Delay
                0x080089d0       0x24 cmake/stm32cubemx/CMakeFiles/STM32_Drivers.dir/__/__/Drivers/STM32F1xx_HAL_Driver/Src/stm32f1xx_hal.c.obj
                0x080089d0                HAL_Delay
 .text.HAL_RCC_OscConfig
                0x080089f4      0x338 cmake/stm32cubemx/CMakeFiles/STM32_Drivers.dir/__/__/Drivers/STM32F1xx_HAL_Driver/Src/stm32f1xx_hal_rcc.c.obj
                0x080089f4                HAL_RCC_OscConfig
 .text.HAL_RCC_GetSysClockFreq
                0x08008d2c       0x4c cmake/stm32cubemx/CMakeFiles/STM32_Drivers.dir/__/__/Drivers/STM32F1xx_HAL_Driver/Src/stm32f1xx_hal_rcc.c.obj
                0x08008d2c                HAL_RCC_GetSysClockFreq
 .text.HAL_RCC_ClockConfig
                0x08008d78      0x138 cmake/stm32cubemx/CMakeFiles/STM32_Drivers.dir/__/__/Drivers/STM32F1xx_HAL_Driver/Src/stm32f1xx_hal_rcc.c.obj
                0x08008d78                HAL_RCC_ClockConfig
 .text.HAL_RCC_GetPCLK1Freq
                0x08008eb0       0x20 cmake/stm32cubemx/CMakeFiles/STM32_Drivers.dir/__/__/Drivers/STM32F1xx_HAL_Driver/Src/stm32f1xx_hal_rcc.c.obj
                0x08008eb0                HAL_RCC_GetPCLK1Freq
 .text.HAL_RCC_GetPCLK2Freq
                0x08008ed0       0x20 cmake/stm32cubemx/CMakeFiles/STM32_Drivers.dir/__/__/Drivers/STM32F1xx_HAL_Driver/Src/stm32f1xx_hal_rcc.c.obj
                0x08008ed0                HAL_RCC_GetPCLK2Freq
 .text.HAL_GPIO_Init
                0x08008ef0      0x1a8 cmake/stm32cubemx/CMakeFiles/STM32_Drivers.dir/__/__/Drivers/STM32F1xx_HAL_Driver/Src/stm32f1xx_hal_gpio.c.obj
                0x08008ef0                HAL_GPIO_Init
 .text.HAL_GPIO_WritePin
                0x08009098        0xa cmake/stm32cubemx/CMakeFiles/STM32_Drivers.dir/__/__/Drivers/STM32F1xx_HAL_Driver/Src/stm32f1xx_hal_gpio.c.obj
                0x08009098                HAL_GPIO_WritePin
 *fill*         0x080090a2        0x2 
 .text.HAL_DMA_Init
                0x080090a4       0x60 cmake/stm32cubemx/CMakeFiles/STM32_Drivers.dir/__/__/Drivers/STM32F1xx_HAL_Driver/Src/stm32f1xx_hal_dma.c.obj
                0x080090a4                HAL_DMA_Init
 .text.HAL_DMA_Abort
                0x08009104       0x3e cmake/stm32cubemx/CMakeFiles/STM32_Drivers.dir/__/__/Drivers/STM32F1xx_HAL_Driver/Src/stm32f1xx_hal_dma.c.obj
                0x08009104                HAL_DMA_Abort
 *fill*         0x08009142        0x2 
 .text.HAL_DMA_Abort_IT
                0x08009144       0x8c cmake/stm32cubemx/CMakeFiles/STM32_Drivers.dir/__/__/Drivers/STM32F1xx_HAL_Driver/Src/stm32f1xx_hal_dma.c.obj
                0x08009144                HAL_DMA_Abort_IT
 .text.HAL_DMA_IRQHandler
                0x080091d0      0x128 cmake/stm32cubemx/CMakeFiles/STM32_Drivers.dir/__/__/Drivers/STM32F1xx_HAL_Driver/Src/stm32f1xx_hal_dma.c.obj
                0x080091d0                HAL_DMA_IRQHandler
 .text.HAL_NVIC_SetPriorityGrouping
                0x080092f8       0x24 cmake/stm32cubemx/CMakeFiles/STM32_Drivers.dir/__/__/Drivers/STM32F1xx_HAL_Driver/Src/stm32f1xx_hal_cortex.c.obj
                0x080092f8                HAL_NVIC_SetPriorityGrouping
 .text.HAL_NVIC_SetPriority
                0x0800931c       0x60 cmake/stm32cubemx/CMakeFiles/STM32_Drivers.dir/__/__/Drivers/STM32F1xx_HAL_Driver/Src/stm32f1xx_hal_cortex.c.obj
                0x0800931c                HAL_NVIC_SetPriority
 .text.HAL_NVIC_EnableIRQ
                0x0800937c       0x1c cmake/stm32cubemx/CMakeFiles/STM32_Drivers.dir/__/__/Drivers/STM32F1xx_HAL_Driver/Src/stm32f1xx_hal_cortex.c.obj
                0x0800937c                HAL_NVIC_EnableIRQ
 .text.HAL_SYSTICK_Config
                0x08009398       0x28 cmake/stm32cubemx/CMakeFiles/STM32_Drivers.dir/__/__/Drivers/STM32F1xx_HAL_Driver/Src/stm32f1xx_hal_cortex.c.obj
                0x08009398                HAL_SYSTICK_Config
 .text.FLASH_SetErrorCode
                0x080093c0       0x50 cmake/stm32cubemx/CMakeFiles/STM32_Drivers.dir/__/__/Drivers/STM32F1xx_HAL_Driver/Src/stm32f1xx_hal_flash.c.obj
 .text.HAL_FLASH_Unlock
                0x08009410       0x24 cmake/stm32cubemx/CMakeFiles/STM32_Drivers.dir/__/__/Drivers/STM32F1xx_HAL_Driver/Src/stm32f1xx_hal_flash.c.obj
                0x08009410                HAL_FLASH_Unlock
 .text.HAL_FLASH_Lock
                0x08009434       0x14 cmake/stm32cubemx/CMakeFiles/STM32_Drivers.dir/__/__/Drivers/STM32F1xx_HAL_Driver/Src/stm32f1xx_hal_flash.c.obj
                0x08009434                HAL_FLASH_Lock
 .text.FLASH_WaitForLastOperation
                0x08009448       0x54 cmake/stm32cubemx/CMakeFiles/STM32_Drivers.dir/__/__/Drivers/STM32F1xx_HAL_Driver/Src/stm32f1xx_hal_flash.c.obj
                0x08009448                FLASH_WaitForLastOperation
 .text.HAL_FLASH_Program
                0x0800949c       0xa4 cmake/stm32cubemx/CMakeFiles/STM32_Drivers.dir/__/__/Drivers/STM32F1xx_HAL_Driver/Src/stm32f1xx_hal_flash.c.obj
                0x0800949c                HAL_FLASH_Program
 .text.FLASH_PageErase
                0x08009540       0x24 cmake/stm32cubemx/CMakeFiles/STM32_Drivers.dir/__/__/Drivers/STM32F1xx_HAL_Driver/Src/stm32f1xx_hal_flash_ex.c.obj
                0x08009540                FLASH_PageErase
 .text.HAL_FLASHEx_Erase
                0x08009564       0xa8 cmake/stm32cubemx/CMakeFiles/STM32_Drivers.dir/__/__/Drivers/STM32F1xx_HAL_Driver/Src/stm32f1xx_hal_flash_ex.c.obj
                0x08009564                HAL_FLASHEx_Erase
 .text.TIM_OC1_SetConfig
                0x0800960c       0x50 cmake/stm32cubemx/CMakeFiles/STM32_Drivers.dir/__/__/Drivers/STM32F1xx_HAL_Driver/Src/stm32f1xx_hal_tim.c.obj
 .text.TIM_OC3_SetConfig
                0x0800965c       0x54 cmake/stm32cubemx/CMakeFiles/STM32_Drivers.dir/__/__/Drivers/STM32F1xx_HAL_Driver/Src/stm32f1xx_hal_tim.c.obj
 .text.TIM_OC4_SetConfig
                0x080096b0       0x44 cmake/stm32cubemx/CMakeFiles/STM32_Drivers.dir/__/__/Drivers/STM32F1xx_HAL_Driver/Src/stm32f1xx_hal_tim.c.obj
 .text.HAL_TIM_PWM_MspInit
                0x080096f4        0x2 cmake/stm32cubemx/CMakeFiles/STM32_Drivers.dir/__/__/Drivers/STM32F1xx_HAL_Driver/Src/stm32f1xx_hal_tim.c.obj
                0x080096f4                HAL_TIM_PWM_MspInit
 .text.HAL_TIM_PeriodElapsedCallback
                0x080096f6        0x2 cmake/stm32cubemx/CMakeFiles/STM32_Drivers.dir/__/__/Drivers/STM32F1xx_HAL_Driver/Src/stm32f1xx_hal_tim.c.obj
                0x080096f6                HAL_TIM_PeriodElapsedCallback
 .text.HAL_TIM_OC_DelayElapsedCallback
                0x080096f8        0x2 cmake/stm32cubemx/CMakeFiles/STM32_Drivers.dir/__/__/Drivers/STM32F1xx_HAL_Driver/Src/stm32f1xx_hal_tim.c.obj
                0x080096f8                HAL_TIM_OC_DelayElapsedCallback
 .text.HAL_TIM_IC_CaptureCallback
                0x080096fa        0x2 cmake/stm32cubemx/CMakeFiles/STM32_Drivers.dir/__/__/Drivers/STM32F1xx_HAL_Driver/Src/stm32f1xx_hal_tim.c.obj
                0x080096fa                HAL_TIM_IC_CaptureCallback
 .text.HAL_TIM_PWM_PulseFinishedCallback
                0x080096fc        0x2 cmake/stm32cubemx/CMakeFiles/STM32_Drivers.dir/__/__/Drivers/STM32F1xx_HAL_Driver/Src/stm32f1xx_hal_tim.c.obj
                0x080096fc                HAL_TIM_PWM_PulseFinishedCallback
 .text.HAL_TIM_TriggerCallback
                0x080096fe        0x2 cmake/stm32cubemx/CMakeFiles/STM32_Drivers.dir/__/__/Drivers/STM32F1xx_HAL_Driver/Src/stm32f1xx_hal_tim.c.obj
                0x080096fe                HAL_TIM_TriggerCallback
 .text.HAL_TIM_IRQHandler
                0x08009700      0x128 cmake/stm32cubemx/CMakeFiles/STM32_Drivers.dir/__/__/Drivers/STM32F1xx_HAL_Driver/Src/stm32f1xx_hal_tim.c.obj
                0x08009700                HAL_TIM_IRQHandler
 .text.TIM_Base_SetConfig
                0x08009828       0x64 cmake/stm32cubemx/CMakeFiles/STM32_Drivers.dir/__/__/Drivers/STM32F1xx_HAL_Driver/Src/stm32f1xx_hal_tim.c.obj
                0x08009828                TIM_Base_SetConfig
 .text.HAL_TIM_Base_Init
                0x0800988c       0x58 cmake/stm32cubemx/CMakeFiles/STM32_Drivers.dir/__/__/Drivers/STM32F1xx_HAL_Driver/Src/stm32f1xx_hal_tim.c.obj
                0x0800988c                HAL_TIM_Base_Init
 .text.HAL_TIM_PWM_Init
                0x080098e4       0x58 cmake/stm32cubemx/CMakeFiles/STM32_Drivers.dir/__/__/Drivers/STM32F1xx_HAL_Driver/Src/stm32f1xx_hal_tim.c.obj
                0x080098e4                HAL_TIM_PWM_Init
 .text.TIM_OC2_SetConfig
                0x0800993c       0x58 cmake/stm32cubemx/CMakeFiles/STM32_Drivers.dir/__/__/Drivers/STM32F1xx_HAL_Driver/Src/stm32f1xx_hal_tim.c.obj
                0x0800993c                TIM_OC2_SetConfig
 .text.HAL_TIM_PWM_ConfigChannel
                0x08009994       0xb0 cmake/stm32cubemx/CMakeFiles/STM32_Drivers.dir/__/__/Drivers/STM32F1xx_HAL_Driver/Src/stm32f1xx_hal_tim.c.obj
                0x08009994                HAL_TIM_PWM_ConfigChannel
 .text.TIM_ETR_SetConfig
                0x08009a44       0x14 cmake/stm32cubemx/CMakeFiles/STM32_Drivers.dir/__/__/Drivers/STM32F1xx_HAL_Driver/Src/stm32f1xx_hal_tim.c.obj
                0x08009a44                TIM_ETR_SetConfig
 .text.HAL_TIM_ConfigClockSource
                0x08009a58      0x132 cmake/stm32cubemx/CMakeFiles/STM32_Drivers.dir/__/__/Drivers/STM32F1xx_HAL_Driver/Src/stm32f1xx_hal_tim.c.obj
                0x08009a58                HAL_TIM_ConfigClockSource
 .text.TIM_CCxChannelCmd
                0x08009b8a       0x1c cmake/stm32cubemx/CMakeFiles/STM32_Drivers.dir/__/__/Drivers/STM32F1xx_HAL_Driver/Src/stm32f1xx_hal_tim.c.obj
                0x08009b8a                TIM_CCxChannelCmd
 *fill*         0x08009ba6        0x2 
 .text.HAL_TIM_OC_Start
                0x08009ba8       0x9c cmake/stm32cubemx/CMakeFiles/STM32_Drivers.dir/__/__/Drivers/STM32F1xx_HAL_Driver/Src/stm32f1xx_hal_tim.c.obj
                0x08009ba8                HAL_TIM_OC_Start
 .text.HAL_TIM_PWM_Start
                0x08009c44        0x4 cmake/stm32cubemx/CMakeFiles/STM32_Drivers.dir/__/__/Drivers/STM32F1xx_HAL_Driver/Src/stm32f1xx_hal_tim.c.obj
                0x08009c44                HAL_TIM_PWM_Start
 .text.HAL_TIMEx_MasterConfigSynchronization
                0x08009c48       0x5c cmake/stm32cubemx/CMakeFiles/STM32_Drivers.dir/__/__/Drivers/STM32F1xx_HAL_Driver/Src/stm32f1xx_hal_tim_ex.c.obj
                0x08009c48                HAL_TIMEx_MasterConfigSynchronization
 .text.HAL_TIMEx_CommutCallback
                0x08009ca4        0x2 cmake/stm32cubemx/CMakeFiles/STM32_Drivers.dir/__/__/Drivers/STM32F1xx_HAL_Driver/Src/stm32f1xx_hal_tim_ex.c.obj
                0x08009ca4                HAL_TIMEx_CommutCallback
 .text.HAL_TIMEx_BreakCallback
                0x08009ca6        0x2 cmake/stm32cubemx/CMakeFiles/STM32_Drivers.dir/__/__/Drivers/STM32F1xx_HAL_Driver/Src/stm32f1xx_hal_tim_ex.c.obj
                0x08009ca6                HAL_TIMEx_BreakCallback
 .text.UART_EndRxTransfer
                0x08009ca8       0x5c cmake/stm32cubemx/CMakeFiles/STM32_Drivers.dir/__/__/Drivers/STM32F1xx_HAL_Driver/Src/stm32f1xx_hal_uart.c.obj
 .text.UART_SetConfig
                0x08009d04       0x74 cmake/stm32cubemx/CMakeFiles/STM32_Drivers.dir/__/__/Drivers/STM32F1xx_HAL_Driver/Src/stm32f1xx_hal_uart.c.obj
 .text.UART_WaitOnFlagUntilTimeout.constprop.0
                0x08009d78       0x64 cmake/stm32cubemx/CMakeFiles/STM32_Drivers.dir/__/__/Drivers/STM32F1xx_HAL_Driver/Src/stm32f1xx_hal_uart.c.obj
 .text.HAL_UART_Init
                0x08009ddc       0x5e cmake/stm32cubemx/CMakeFiles/STM32_Drivers.dir/__/__/Drivers/STM32F1xx_HAL_Driver/Src/stm32f1xx_hal_uart.c.obj
                0x08009ddc                HAL_UART_Init
 .text.HAL_UART_Transmit
                0x08009e3a       0x9c cmake/stm32cubemx/CMakeFiles/STM32_Drivers.dir/__/__/Drivers/STM32F1xx_HAL_Driver/Src/stm32f1xx_hal_uart.c.obj
                0x08009e3a                HAL_UART_Transmit
 .text.HAL_UART_TxCpltCallback
                0x08009ed6        0x2 cmake/stm32cubemx/CMakeFiles/STM32_Drivers.dir/__/__/Drivers/STM32F1xx_HAL_Driver/Src/stm32f1xx_hal_uart.c.obj
                0x08009ed6                HAL_UART_TxCpltCallback
 .text.HAL_UART_ErrorCallback
                0x08009ed8        0x2 cmake/stm32cubemx/CMakeFiles/STM32_Drivers.dir/__/__/Drivers/STM32F1xx_HAL_Driver/Src/stm32f1xx_hal_uart.c.obj
                0x08009ed8                HAL_UART_ErrorCallback
 .text.UART_DMAAbortOnError
                0x08009eda       0x10 cmake/stm32cubemx/CMakeFiles/STM32_Drivers.dir/__/__/Drivers/STM32F1xx_HAL_Driver/Src/stm32f1xx_hal_uart.c.obj
 .text.HAL_UARTEx_RxEventCallback
                0x08009eea        0x2 cmake/stm32cubemx/CMakeFiles/STM32_Drivers.dir/__/__/Drivers/STM32F1xx_HAL_Driver/Src/stm32f1xx_hal_uart.c.obj
                0x08009eea                HAL_UARTEx_RxEventCallback
 .text.UART_Receive_IT.isra.0
                0x08009eec       0xb6 cmake/stm32cubemx/CMakeFiles/STM32_Drivers.dir/__/__/Drivers/STM32F1xx_HAL_Driver/Src/stm32f1xx_hal_uart.c.obj
 *fill*         0x08009fa2        0x2 
 .text.HAL_UART_IRQHandler
                0x08009fa4      0x294 cmake/stm32cubemx/CMakeFiles/STM32_Drivers.dir/__/__/Drivers/STM32F1xx_HAL_Driver/Src/stm32f1xx_hal_uart.c.obj
                0x08009fa4                HAL_UART_IRQHandler
 .text.UART_Start_Receive_IT
                0x0800a238       0x32 cmake/stm32cubemx/CMakeFiles/STM32_Drivers.dir/__/__/Drivers/STM32F1xx_HAL_Driver/Src/stm32f1xx_hal_uart.c.obj
                0x0800a238                UART_Start_Receive_IT
 .text.HAL_UART_Receive_IT
                0x0800a26a       0x22 cmake/stm32cubemx/CMakeFiles/STM32_Drivers.dir/__/__/Drivers/STM32F1xx_HAL_Driver/Src/stm32f1xx_hal_uart.c.obj
                0x0800a26a                HAL_UART_Receive_IT
 *(.glue_7)
 .glue_7        0x0800a28c        0x0 linker stubs
 *(.glue_7t)
 .glue_7t       0x0800a28c        0x0 linker stubs
 *(.eh_frame)
 .eh_frame      0x0800a28c        0x0 /usr/lib/gcc/arm-none-eabi/13.2.1/thumb/v7-m/nofp/crtbegin.o
 *(.init)
 .init          0x0800a28c        0x4 /usr/lib/gcc/arm-none-eabi/13.2.1/thumb/v7-m/nofp/crti.o
                0x0800a28c                _init
 .init          0x0800a290        0x8 /usr/lib/gcc/arm-none-eabi/13.2.1/thumb/v7-m/nofp/crtn.o
 *(.fini)
 .fini          0x0800a298        0x4 /usr/lib/gcc/arm-none-eabi/13.2.1/thumb/v7-m/nofp/crti.o
                0x0800a298                _fini
 .fini          0x0800a29c        0x8 /usr/lib/gcc/arm-none-eabi/13.2.1/thumb/v7-m/nofp/crtn.o
                0x0800a2a4                        . = ALIGN (0x4)
                0x0800a2a4                        _etext = .

.vfp11_veneer   0x0800a2a4        0x0
 .vfp11_veneer  0x0800a2a4        0x0 linker stubs

.v4_bx          0x0800a2a4        0x0
 .v4_bx         0x0800a2a4        0x0 linker stubs

.iplt           0x0800a2a4        0x0
 .iplt          0x0800a2a4        0x0 /usr/lib/gcc/arm-none-eabi/13.2.1/thumb/v7-m/nofp/crtbegin.o

.rodata         0x0800a2a4     0x1038
                0x0800a2a4                        . = ALIGN (0x4)
 *(.rodata)
 .rodata        0x0800a2a4       0x18 /usr/lib/gcc/arm-none-eabi/13.2.1/../../../arm-none-eabi/lib/thumb/v7-m/nofp/libm.a(libm_a-ef_atan2.o)
 .rodata        0x0800a2bc       0x20 /usr/lib/gcc/arm-none-eabi/13.2.1/../../../arm-none-eabi/lib/thumb/v7-m/nofp/libm.a(libm_a-sf_atan.o)
 .rodata        0x0800a2dc        0x8 /usr/lib/gcc/arm-none-eabi/13.2.1/../../../arm-none-eabi/lib/thumb/v7-m/nofp/libm.a(libm_a-ef_sqrt.o)
 .rodata        0x0800a2e4      0x101 /usr/lib/gcc/arm-none-eabi/13.2.1/../../../arm-none-eabi/lib/thumb/v7-m/nofp/libg_nano.a(libc_a-ctype_.o)
                0x0800a2e4                _ctype_
 *(.rodata*)
 *fill*         0x0800a3e5        0x3 
 .rodata.gyro_lsb_table
                0x0800a3e8       0x10 CMakeFiles/stm32mpu6050.dir/Core/Src/bsp_mpu6050.c.obj
 .rodata.accel_lsb_table
                0x0800a3f8        0x8 CMakeFiles/stm32mpu6050.dir/Core/Src/bsp_mpu6050.c.obj
 .rodata.cmd_echo.str1.1
                0x0800a400      0xd0d CMakeFiles/stm32mpu6050.dir/Core/Src/cli_shell.c.obj
                                  0x6 (size before relaxing)
 .rodata.cmd_calib.str1.1
                0x0800b10d       0x4c CMakeFiles/stm32mpu6050.dir/Core/Src/cli_shell.c.obj
 .rodata.cmd_wdt.str1.1
                0x0800b10d       0x83 CMakeFiles/stm32mpu6050.dir/Core/Src/cli_shell.c.obj
 .rodata.cmd_defaults.str1.1
                0x0800b10d       0x66 CMakeFiles/stm32mpu6050.dir/Core/Src/cli_shell.c.obj
 .rodata.safe_atoi.str1.1
                0x0800b10d       0x6c CMakeFiles/stm32mpu6050.dir/Core/Src/cli_shell.c.obj
 .rodata.cmd_monitor.str1.1
                0x0800b10d       0xc2 CMakeFiles/stm32mpu6050.dir/Core/Src/cli_shell.c.obj
 .rodata.cmd_link.str1.1
                0x0800b10d       0xe5 CMakeFiles/stm32mpu6050.dir/Core/Src/cli_shell.c.obj
 .rodata.cmd_tasks.str1.1
                0x0800b10d       0xe1 CMakeFiles/stm32mpu6050.dir/Core/Src/cli_shell.c.obj
 .rodata.cmd_status.str1.1
                0x0800b10d      0x189 CMakeFiles/stm32mpu6050.dir/Core/Src/cli_shell.c.obj
 .rodata.cmd_help.str1.1
                0x0800b10d       0x1f CMakeFiles/stm32mpu6050.dir/Core/Src/cli_shell.c.obj
 .rodata.cmd_reset.str1.1
                0x0800b10d       0x35 CMakeFiles/stm32mpu6050.dir/Core/Src/cli_shell.c.obj
 .rodata.cmd_save.str1.1
                0x0800b10d       0x4c CMakeFiles/stm32mpu6050.dir/Core/Src/cli_shell.c.obj
 .rodata.cmd_load.str1.1
                0x0800b10d       0x69 CMakeFiles/stm32mpu6050.dir/Core/Src/cli_shell.c.obj
 .rodata.cmd_rate.str1.1
                0x0800b10d       0x66 CMakeFiles/stm32mpu6050.dir/Core/Src/cli_shell.c.obj
 .rodata.cmd_gyro.str1.1
                0x0800b10d       0x87 CMakeFiles/stm32mpu6050.dir/Core/Src/cli_shell.c.obj
 .rodata.cmd_accel.str1.1
                0x0800b10d       0x81 CMakeFiles/stm32mpu6050.dir/Core/Src/cli_shell.c.obj
 .rodata.cmd_dlpf.str1.1
                0x0800b10d       0x69 CMakeFiles/stm32mpu6050.dir/Core/Src/cli_shell.c.obj
 .rodata.CLI_Init.str1.1
                0x0800b10d       0x51 CMakeFiles/stm32mpu6050.dir/Core/Src/cli_shell.c.obj
 .rodata.Task_CLI.str1.1
                0x0800b10d       0x66 CMakeFiles/stm32mpu6050.dir/Core/Src/cli_shell.c.obj
 *fill*         0x0800b10d        0x3 
 .rodata.CSWTCH.87
                0x0800b110        0xc CMakeFiles/stm32mpu6050.dir/Core/Src/cli_shell.c.obj
 .rodata.str1.1
                0x0800b11c      0x22e CMakeFiles/stm32mpu6050.dir/Core/Src/cli_shell.c.obj
 .rodata.cmd_table
                0x0800b11c       0xcc CMakeFiles/stm32mpu6050.dir/Core/Src/cli_shell.c.obj
 .rodata.TaskWDT_Check.str1.1
                0x0800b1e8       0x29 CMakeFiles/stm32mpu6050.dir/Core/Src/task_watchdog.c.obj
 .rodata.Task_Monitor.str1.1
                0x0800b1e8       0x84 CMakeFiles/stm32mpu6050.dir/Core/Src/tasks/app_tasks.c.obj
 .rodata.uart_rx_consume.str1.1
                0x0800b1e8       0x28 CMakeFiles/stm32mpu6050.dir/Core/Src/tasks/app_tasks.c.obj
 .rodata.vApplicationMallocFailedHook.str1.1
                0x0800b1e8       0x2f CMakeFiles/stm32mpu6050.dir/Core/Src/tasks/app_tasks.c.obj
 .rodata.vApplicationStackOverflowHook.str1.1
                0x0800b1e8       0x27 CMakeFiles/stm32mpu6050.dir/Core/Src/tasks/app_tasks.c.obj
 .rodata.AppTasks_Init.str1.1
                0x0800b1e8       0x21 CMakeFiles/stm32mpu6050.dir/Core/Src/tasks/app_tasks.c.obj
 .rodata.vTaskStartScheduler.str1.1
                0x0800b1e8        0x5 CMakeFiles/stm32mpu6050.dir/Middlewares/FreeRTOS/kernel/tasks.c.obj
 .rodata.uxTopUsedPriority
                0x0800b1e8        0x4 CMakeFiles/stm32mpu6050.dir/Middlewares/FreeRTOS/kernel/tasks.c.obj
 .rodata.prvCheckForValidListAndQueue.str1.1
                0x0800b1ec        0x5 CMakeFiles/stm32mpu6050.dir/Middlewares/FreeRTOS/kernel/timers.c.obj
 .rodata.xTimerCreateTimerTask.str1.1
                0x0800b1ec        0x8 CMakeFiles/stm32mpu6050.dir/Middlewares/FreeRTOS/kernel/timers.c.obj
 .rodata.main.str1.1
                0x0800b1ec       0x9f CMakeFiles/stm32mpu6050.dir/Core/Src/main.c.obj
 .rodata.APBPrescTable
                0x0800b1ec        0x8 cmake/stm32cubemx/CMakeFiles/STM32_Drivers.dir/__/__/Core/Src/system_stm32f1xx.c.obj
                0x0800b1ec                APBPrescTable
 .rodata.AHBPrescTable
                0x0800b1f4       0x10 cmake/stm32cubemx/CMakeFiles/STM32_Drivers.dir/__/__/Core/Src/system_stm32f1xx.c.obj
                0x0800b1f4                AHBPrescTable
 .rodata.aPredivFactorTable.0
                0x0800b204        0x2 cmake/stm32cubemx/CMakeFiles/STM32_Drivers.dir/__/__/Drivers/STM32F1xx_HAL_Driver/Src/stm32f1xx_hal_rcc.c.obj
 .rodata.aPLLMULFactorTable.1
                0x0800b206       0x10 cmake/stm32cubemx/CMakeFiles/STM32_Drivers.dir/__/__/Drivers/STM32F1xx_HAL_Driver/Src/stm32f1xx_hal_rcc.c.obj
 *fill*         0x0800b216        0x2 
 .rodata.str1.4
                0x0800b218       0xc3 /usr/lib/gcc/arm-none-eabi/13.2.1/../../../arm-none-eabi/lib/thumb/v7-m/nofp/libm.a(libm_a-wf_asin.o)
                                  0x1 (size before relaxing)
 .rodata.str1.4
                0x0800b2db       0x13 /usr/lib/gcc/arm-none-eabi/13.2.1/../../../arm-none-eabi/lib/thumb/v7-m/nofp/libg_nano.a(libc_a-nano-svfprintf.o)
 .rodata.str1.4
                0x0800b2db       0x46 /usr/lib/gcc/arm-none-eabi/13.2.1/../../../arm-none-eabi/lib/thumb/v7-m/nofp/libg_nano.a(libc_a-strtok.o)
 .rodata.str1.4
                0x0800b2db       0x25 /usr/lib/gcc/arm-none-eabi/13.2.1/../../../arm-none-eabi/lib/thumb/v7-m/nofp/libg_nano.a(libc_a-nano-vfprintf_i.o)
 .rodata.str1.4
                0x0800b2db       0x43 /usr/lib/gcc/arm-none-eabi/13.2.1/../../../arm-none-eabi/lib/thumb/v7-m/nofp/libg_nano.a(libc_a-assert.o)
 .rodata.str1.4
                0x0800b2db       0x13 /usr/lib/gcc/arm-none-eabi/13.2.1/../../../arm-none-eabi/lib/thumb/v7-m/nofp/libg_nano.a(libc_a-nano-vfprintf.o)
                0x0800b324                        . = ALIGN (0x4)
 *fill*         0x0800b2db        0x1 

.ARM.extab      0x0800b2dc        0x0
                0x0800b2dc                        . = ALIGN (0x4)
 *(.ARM.extab* .gnu.linkonce.armextab.*)
                0x0800b2dc                        . = ALIGN (0x4)

.ARM            0x0800b2dc        0x8
                0x0800b2dc                        . = ALIGN (0x4)
                0x0800b2dc                        __exidx_start = .
 *(.ARM.exidx*)
 .ARM.exidx     0x0800b2dc        0x8 /usr/lib/gcc/arm-none-eabi/13.2.1/../../../arm-none-eabi/lib/thumb/v7-m/nofp/libg_nano.a(libc_a-memcpy.o)
 .ARM.exidx     0x0800b2e4        0x0 /usr/lib/gcc/arm-none-eabi/13.2.1/../../../arm-none-eabi/lib/thumb/v7-m/nofp/libg_nano.a(libc_a-strcmp.o)
                                  0x8 (size before relaxing)
                0x0800b2e4                        __exidx_end = .
                0x0800b2e4                        . = ALIGN (0x4)

.preinit_array  0x0800b2e4        0x0
                0x0800b2e4                        . = ALIGN (0x4)
                0x0800b2e4                        PROVIDE (__preinit_array_start = .)
 *(.preinit_array*)
                0x0800b2e4                        PROVIDE (__preinit_array_end = .)
                0x0800b2e4                        . = ALIGN (0x4)

.init_array     0x0800b2e4        0x4
                0x0800b2e4                        . = ALIGN (0x4)
                0x0800b2e4                        PROVIDE (__init_array_start = .)
 *(SORT_BY_NAME(.init_array.*))
 *(.init_array*)
 .init_array    0x0800b2e4        0x4 /usr/lib/gcc/arm-none-eabi/13.2.1/thumb/v7-m/nofp/crtbegin.o
                0x0800b2e8                        PROVIDE (__init_array_end = .)
                0x0800b2e8                        . = ALIGN (0x4)

.fini_array     0x0800b2e8        0x4
                0x0800b2e8                        . = ALIGN (0x4)
                0x0800b2e8                        PROVIDE (__fini_array_start = .)
 *(SORT_BY_NAME(.fini_array.*))
 *(.fini_array*)
 .fini_array    0x0800b2e8        0x4 /usr/lib/gcc/arm-none-eabi/13.2.1/thumb/v7-m/nofp/crtbegin.o
                0x0800b2ec                        PROVIDE (__fini_array_end = .)
                0x0800b2ec                        . = ALIGN (0x4)
                0x0800b2ec                        _sidata = LOADADDR (.data)

.rel.dyn        0x0800b2ec        0x0
 .rel.iplt      0x0800b2ec        0x0 /usr/lib/gcc/arm-none-eabi/13.2.1/thumb/v7-m/nofp/crtbegin.o

.data           0x20000000       0x94 load address 0x0800b2ec
                0x20000000                        . = ALIGN (0x4)
                0x20000000                        _sdata = .
 *(.data)
 .data          0x20000000       0x50 /usr/lib/gcc/arm-none-eabi/13.2.1/../../../arm-none-eabi/lib/thumb/v7-m/nofp/libg_nano.a(libc_a-impure.o)
                0x20000000                _impure_ptr
                0x20000004                _impure_data
 .data          0x20000050        0xc /usr/lib/gcc/arm-none-eabi/13.2.1/../../../arm-none-eabi/lib/thumb/v7-m/nofp/libg_nano.a(libc_a-findfp.o)
                0x20000050                __sglue
 *(.data*)
 .data.g_fusion_q
                0x2000005c       0x10 CMakeFiles/stm32mpu6050.dir/Core/Src/control_task.c.obj
                0x2000005c                g_fusion_q
 .data.g_wdt_ctrl
                0x2000006c        0x4 CMakeFiles/stm32mpu6050.dir/Core/Src/tasks/app_tasks.c.obj
                0x2000006c                g_wdt_ctrl
 .data.g_wdt_cli
                0x20000070        0x4 CMakeFiles/stm32mpu6050.dir/Core/Src/tasks/app_tasks.c.obj
                0x20000070                g_wdt_cli
 .data.g_wdt_comm
                0x20000074        0x4 CMakeFiles/stm32mpu6050.dir/Core/Src/tasks/app_tasks.c.obj
                0x20000074                g_wdt_comm
 .data.g_wdt_acq
                0x20000078        0x4 CMakeFiles/stm32mpu6050.dir/Core/Src/tasks/app_tasks.c.obj
                0x20000078                g_wdt_acq
 .data.g_config
                0x2000007c        0x6 CMakeFiles/stm32mpu6050.dir/Core/Src/tasks/app_tasks.c.obj
                0x2000007c                g_config
 *fill*         0x20000082        0x2 
 .data.uxCriticalNesting
                0x20000084        0x4 CMakeFiles/stm32mpu6050.dir/Middlewares/FreeRTOS/kernel/portable/GCC/ARM_CM3/port.c.obj
 .data.SystemCoreClock
                0x20000088        0x4 cmake/stm32cubemx/CMakeFiles/STM32_Drivers.dir/__/__/Core/Src/system_stm32f1xx.c.obj
                0x20000088                SystemCoreClock
 .data.uwTickFreq
                0x2000008c        0x1 cmake/stm32cubemx/CMakeFiles/STM32_Drivers.dir/__/__/Drivers/STM32F1xx_HAL_Driver/Src/stm32f1xx_hal.c.obj
                0x2000008c                uwTickFreq
 *fill*         0x2000008d        0x3 
 .data.uwTickPrio
                0x20000090        0x4 cmake/stm32cubemx/CMakeFiles/STM32_Drivers.dir/__/__/Drivers/STM32F1xx_HAL_Driver/Src/stm32f1xx_hal.c.obj
                0x20000090                uwTickPrio
 *(.RamFunc)
 *(.RamFunc*)
                0x20000094                        . = ALIGN (0x4)

.tm_clone_table
                0x20000094        0x0 load address 0x0800b380
 .tm_clone_table
                0x20000094        0x0 /usr/lib/gcc/arm-none-eabi/13.2.1/thumb/v7-m/nofp/crtbegin.o
 .tm_clone_table
                0x20000094        0x0 /usr/lib/gcc/arm-none-eabi/13.2.1/thumb/v7-m/nofp/crtend.o

.igot.plt       0x20000094        0x0 load address 0x0800b380
 .igot.plt      0x20000094        0x0 /usr/lib/gcc/arm-none-eabi/13.2.1/thumb/v7-m/nofp/crtbegin.o

.tdata          0x20000094        0x0 load address 0x0800b380
 *(.tdata .tdata.* .gnu.linkonce.td.*)
                0x20000094                        . = ALIGN (0x4)
                0x20000094                        _edata = .
                [!provide]                        PROVIDE (__data_end = .)
                [!provide]                        PROVIDE (__tdata_end = .)
                [!provide]                        PROVIDE (__tdata_start = ADDR (.tdata))
                [!provide]                        PROVIDE (__tdata_size = (__tdata_end - __tdata_start))
                [!provide]                        PROVIDE (__data_start = ADDR (.data))
                [!provide]                        PROVIDE (__data_size = (__data_end - __data_start))
                [!provide]                        PROVIDE (__tdata_source = LOADADDR (.tdata))
                [!provide]                        PROVIDE (__tdata_source_end = (LOADADDR (.tdata) + SIZEOF (.tdata)))
                [!provide]                        PROVIDE (__tdata_source_size = (__tdata_source_end - __tdata_source))
                [!provide]                        PROVIDE (__data_source = LOADADDR (.data))
                [!provide]                        PROVIDE (__data_source_end = __tdata_source_end)
                [!provide]                        PROVIDE (__data_source_size = (__data_source_end - __data_source))

.tbss           0x20000094        0x0 load address 0x0800b380
                0x20000094                        _sbss = .
                0x20000094                        __bss_start__ = _sbss
 *(.tbss .tbss.*)
                0x20000094                        . = ALIGN (0x4)
                [!provide]                        PROVIDE (__tbss_end = .)
                [!provide]                        PROVIDE (__tbss_start = ADDR (.tbss))
                [!provide]                        PROVIDE (__tbss_size = (__tbss_end - __tbss_start))
                [!provide]                        PROVIDE (__tbss_offset = (ADDR (.tbss) - ADDR (.tdata)))
                [!provide]                        PROVIDE (__tls_base = __tdata_start)
                [!provide]                        PROVIDE (__tls_end = __tbss_end)
                [!provide]                        PROVIDE (__tls_size = (__tls_end - __tls_base))
                [!provide]                        PROVIDE (__tls_align = MAX (ALIGNOF (.tdata), ALIGNOF (.tbss)))
                [!provide]                        PROVIDE (__tls_size_align = (((__tls_size + __tls_align) - 0x1) & ~ ((__tls_align - 0x1))))
                [!provide]                        PROVIDE (__arm32_tls_tcb_offset = MAX (0x8, __tls_align))
                [!provide]                        PROVIDE (__arm64_tls_tcb_offset = MAX (0x10, __tls_align))

.bss            0x20000098     0x3768 load address 0x0800b380
 *(.bss)
 .bss           0x20000098       0x1c /usr/lib/gcc/arm-none-eabi/13.2.1/thumb/v7-m/nofp/crtbegin.o
 .bss           0x200000b4        0x8 /usr/lib/gcc/arm-none-eabi/13.2.1/../../../arm-none-eabi/lib/thumb/v7-m/nofp/libg_nano.a(libc_a-mallocr.o)
                0x200000b4                __malloc_sbrk_start
                0x200000b8                __malloc_free_list
 .bss           0x200000bc      0x13c /usr/lib/gcc/arm-none-eabi/13.2.1/../../../arm-none-eabi/lib/thumb/v7-m/nofp/libg_nano.a(libc_a-findfp.o)
                0x200000bc                __sf
                0x200001f4                __stdio_exit_handler
 .bss           0x200001f8        0x4 /usr/lib/gcc/arm-none-eabi/13.2.1/../../../arm-none-eabi/lib/thumb/v7-m/nofp/libg_nano.a(libc_a-reent.o)
                0x200001f8                errno
 *(.bss*)
 .bss.s_seq_num
                0x200001fc        0x2 CMakeFiles/stm32mpu6050.dir/Core/Src/data_protocol.c.obj
 *fill*         0x200001fe        0x2 
 .bss.g_link_stats
                0x20000200       0x14 CMakeFiles/stm32mpu6050.dir/Core/Src/data_protocol.c.obj
                0x20000200                g_link_stats
 .bss.line_pos  0x20000214        0x1 CMakeFiles/stm32mpu6050.dir/Core/Src/cli_shell.c.obj
 .bss.line_buf  0x20000215       0x50 CMakeFiles/stm32mpu6050.dir/Core/Src/cli_shell.c.obj
 .bss.rx_it_byte
                0x20000265        0x1 CMakeFiles/stm32mpu6050.dir/Core/Src/cli_shell.c.obj
 .bss.rx_tail   0x20000266        0x1 CMakeFiles/stm32mpu6050.dir/Core/Src/cli_shell.c.obj
 .bss.rx_head   0x20000267        0x1 CMakeFiles/stm32mpu6050.dir/Core/Src/cli_shell.c.obj
 .bss.rx_ring   0x20000268       0x40 CMakeFiles/stm32mpu6050.dir/Core/Src/cli_shell.c.obj
 .bss.last_report.0
                0x200002a8        0x4 CMakeFiles/stm32mpu6050.dir/Core/Src/task_watchdog.c.obj
 .bss.s_wdt     0x200002ac       0xa4 CMakeFiles/stm32mpu6050.dir/Core/Src/task_watchdog.c.obj
 .bss.htim3_motor
                0x20000350       0x48 CMakeFiles/stm32mpu6050.dir/Core/Src/motor_control.c.obj
 .bss.s_last_ctrl_tick
                0x20000398        0x4 CMakeFiles/stm32mpu6050.dir/Core/Src/control_task.c.obj
 .bss.g_fusion_euler
                0x2000039c        0xc CMakeFiles/stm32mpu6050.dir/Core/Src/control_task.c.obj
                0x2000039c                g_fusion_euler
 .bss.g_fusion_state
                0x200003a8       0x1c CMakeFiles/stm32mpu6050.dir/Core/Src/control_task.c.obj
                0x200003a8                g_fusion_state
 .bss.g_cmdQ    0x200003c4        0x4 CMakeFiles/stm32mpu6050.dir/Core/Src/control_task.c.obj
                0x200003c4                g_cmdQ
 .bss.g_ctrl_state
                0x200003c8       0x2c CMakeFiles/stm32mpu6050.dir/Core/Src/control_task.c.obj
                0x200003c8                g_ctrl_state
 .bss.tlm_seq.0
                0x200003f4        0x1 CMakeFiles/stm32mpu6050.dir/Core/Src/tasks/app_tasks.c.obj
 *fill*         0x200003f5        0x3 
 .bss.dummy_cnt.1
                0x200003f8        0x4 CMakeFiles/stm32mpu6050.dir/Core/Src/tasks/app_tasks.c.obj
 .bss.s_cmd_line
                0x200003fc       0x40 CMakeFiles/stm32mpu6050.dir/Core/Src/tasks/app_tasks.c.obj
 .bss.s_cmd_idx
                0x2000043c        0x4 CMakeFiles/stm32mpu6050.dir/Core/Src/tasks/app_tasks.c.obj
 .bss.s_cmd_buf
                0x20000440       0x40 CMakeFiles/stm32mpu6050.dir/Core/Src/tasks/app_tasks.c.obj
 .bss.t_acq_meas
                0x20000480        0x4 CMakeFiles/stm32mpu6050.dir/Core/Src/tasks/app_tasks.c.obj
 .bss.g_sys_cfg
                0x20000484       0x31 CMakeFiles/stm32mpu6050.dir/Core/Src/tasks/app_tasks.c.obj
                0x20000484                g_sys_cfg
 *fill*         0x200004b5        0x3 
 .bss.g_sys_status
                0x200004b8       0x14 CMakeFiles/stm32mpu6050.dir/Core/Src/tasks/app_tasks.c.obj
                0x200004b8                g_sys_status
 .bss.g_mpu_dev
                0x200004cc       0x14 CMakeFiles/stm32mpu6050.dir/Core/Src/tasks/app_tasks.c.obj
                0x200004cc                g_mpu_dev
 .bss.g_h_monitor
                0x200004e0        0x4 CMakeFiles/stm32mpu6050.dir/Core/Src/tasks/app_tasks.c.obj
                0x200004e0                g_h_monitor
 .bss.g_h_control
                0x200004e4        0x4 CMakeFiles/stm32mpu6050.dir/Core/Src/tasks/app_tasks.c.obj
                0x200004e4                g_h_control
 .bss.g_h_comm  0x200004e8        0x4 CMakeFiles/stm32mpu6050.dir/Core/Src/tasks/app_tasks.c.obj
                0x200004e8                g_h_comm
 .bss.g_h_acquire
                0x200004ec        0x4 CMakeFiles/stm32mpu6050.dir/Core/Src/tasks/app_tasks.c.obj
                0x200004ec                g_h_acquire
 .bss.g_uart_tx_mutex
                0x200004f0        0x4 CMakeFiles/stm32mpu6050.dir/Core/Src/tasks/app_tasks.c.obj
                0x200004f0                g_uart_tx_mutex
 .bss.g_last_cmd_id
                0x200004f4        0x1 CMakeFiles/stm32mpu6050.dir/Core/Src/tasks/app_tasks.c.obj
                0x200004f4                g_last_cmd_id
 *fill*         0x200004f5        0x3 
 .bss.g_sensorDataQ
                0x200004f8        0x4 CMakeFiles/stm32mpu6050.dir/Core/Src/tasks/app_tasks.c.obj
                0x200004f8                g_sensorDataQ
 .bss.g_rawDataQ
                0x200004fc        0x4 CMakeFiles/stm32mpu6050.dir/Core/Src/tasks/app_tasks.c.obj
                0x200004fc                g_rawDataQ
 .bss.ulMaxPRIGROUPValue
                0x20000500        0x4 CMakeFiles/stm32mpu6050.dir/Middlewares/FreeRTOS/kernel/portable/GCC/ARM_CM3/port.c.obj
 .bss.ucMaxSysCallPriority
                0x20000504        0x1 CMakeFiles/stm32mpu6050.dir/Middlewares/FreeRTOS/kernel/portable/GCC/ARM_CM3/port.c.obj
 *fill*         0x20000505        0x3 
 .bss.xQueueRegistry
                0x20000508       0x40 CMakeFiles/stm32mpu6050.dir/Middlewares/FreeRTOS/kernel/queue.c.obj
                0x20000508                xQueueRegistry
 .bss.ulTotalRunTime
                0x20000548        0x4 CMakeFiles/stm32mpu6050.dir/Middlewares/FreeRTOS/kernel/tasks.c.obj
 .bss.ulTaskSwitchedInTime
                0x2000054c        0x4 CMakeFiles/stm32mpu6050.dir/Middlewares/FreeRTOS/kernel/tasks.c.obj
 .bss.uxSchedulerSuspended
                0x20000550        0x4 CMakeFiles/stm32mpu6050.dir/Middlewares/FreeRTOS/kernel/tasks.c.obj
 .bss.xIdleTaskHandles
                0x20000554        0x4 CMakeFiles/stm32mpu6050.dir/Middlewares/FreeRTOS/kernel/tasks.c.obj
 .bss.xNextTaskUnblockTime
                0x20000558        0x4 CMakeFiles/stm32mpu6050.dir/Middlewares/FreeRTOS/kernel/tasks.c.obj
 .bss.uxTaskNumber
                0x2000055c        0x4 CMakeFiles/stm32mpu6050.dir/Middlewares/FreeRTOS/kernel/tasks.c.obj
 .bss.xNumOfOverflows
                0x20000560        0x4 CMakeFiles/stm32mpu6050.dir/Middlewares/FreeRTOS/kernel/tasks.c.obj
 .bss.xYieldPendings
                0x20000564        0x4 CMakeFiles/stm32mpu6050.dir/Middlewares/FreeRTOS/kernel/tasks.c.obj
 .bss.xPendedTicks
                0x20000568        0x4 CMakeFiles/stm32mpu6050.dir/Middlewares/FreeRTOS/kernel/tasks.c.obj
 .bss.xSchedulerRunning
                0x2000056c        0x4 CMakeFiles/stm32mpu6050.dir/Middlewares/FreeRTOS/kernel/tasks.c.obj
 .bss.uxTopReadyPriority
                0x20000570        0x4 CMakeFiles/stm32mpu6050.dir/Middlewares/FreeRTOS/kernel/tasks.c.obj
 .bss.xTickCount
                0x20000574        0x4 CMakeFiles/stm32mpu6050.dir/Middlewares/FreeRTOS/kernel/tasks.c.obj
 .bss.uxCurrentNumberOfTasks
                0x20000578        0x4 CMakeFiles/stm32mpu6050.dir/Middlewares/FreeRTOS/kernel/tasks.c.obj
 .bss.xSuspendedTaskList
                0x2000057c       0x14 CMakeFiles/stm32mpu6050.dir/Middlewares/FreeRTOS/kernel/tasks.c.obj
 .bss.uxDeletedTasksWaitingCleanUp
                0x20000590        0x4 CMakeFiles/stm32mpu6050.dir/Middlewares/FreeRTOS/kernel/tasks.c.obj
 .bss.xTasksWaitingTermination
                0x20000594       0x14 CMakeFiles/stm32mpu6050.dir/Middlewares/FreeRTOS/kernel/tasks.c.obj
 .bss.xPendingReadyList
                0x200005a8       0x14 CMakeFiles/stm32mpu6050.dir/Middlewares/FreeRTOS/kernel/tasks.c.obj
 .bss.pxOverflowDelayedTaskList
                0x200005bc        0x4 CMakeFiles/stm32mpu6050.dir/Middlewares/FreeRTOS/kernel/tasks.c.obj
 .bss.pxDelayedTaskList
                0x200005c0        0x4 CMakeFiles/stm32mpu6050.dir/Middlewares/FreeRTOS/kernel/tasks.c.obj
 .bss.xDelayedTaskList2
                0x200005c4       0x14 CMakeFiles/stm32mpu6050.dir/Middlewares/FreeRTOS/kernel/tasks.c.obj
 .bss.xDelayedTaskList1
                0x200005d8       0x14 CMakeFiles/stm32mpu6050.dir/Middlewares/FreeRTOS/kernel/tasks.c.obj
 .bss.pxReadyTasksLists
                0x200005ec       0x64 CMakeFiles/stm32mpu6050.dir/Middlewares/FreeRTOS/kernel/tasks.c.obj
 .bss.pxCurrentTCB
                0x20000650        0x4 CMakeFiles/stm32mpu6050.dir/Middlewares/FreeRTOS/kernel/tasks.c.obj
                0x20000650                pxCurrentTCB
 .bss.xLastTime.0
                0x20000654        0x4 CMakeFiles/stm32mpu6050.dir/Middlewares/FreeRTOS/kernel/timers.c.obj
 .bss.xTimerTaskHandle
                0x20000658        0x4 CMakeFiles/stm32mpu6050.dir/Middlewares/FreeRTOS/kernel/timers.c.obj
 .bss.xTimerQueue
                0x2000065c        0x4 CMakeFiles/stm32mpu6050.dir/Middlewares/FreeRTOS/kernel/timers.c.obj
 .bss.pxOverflowTimerList
                0x20000660        0x4 CMakeFiles/stm32mpu6050.dir/Middlewares/FreeRTOS/kernel/timers.c.obj
 .bss.pxCurrentTimerList
                0x20000664        0x4 CMakeFiles/stm32mpu6050.dir/Middlewares/FreeRTOS/kernel/timers.c.obj
 .bss.xActiveTimerList2
                0x20000668       0x14 CMakeFiles/stm32mpu6050.dir/Middlewares/FreeRTOS/kernel/timers.c.obj
 .bss.xActiveTimerList1
                0x2000067c       0x14 CMakeFiles/stm32mpu6050.dir/Middlewares/FreeRTOS/kernel/timers.c.obj
 .bss.xNumberOfSuccessfulFrees
                0x20000690        0x4 CMakeFiles/stm32mpu6050.dir/Middlewares/FreeRTOS/kernel/portable/MemMang/heap_4.c.obj
 .bss.xNumberOfSuccessfulAllocations
                0x20000694        0x4 CMakeFiles/stm32mpu6050.dir/Middlewares/FreeRTOS/kernel/portable/MemMang/heap_4.c.obj
 .bss.xMinimumEverFreeBytesRemaining
                0x20000698        0x4 CMakeFiles/stm32mpu6050.dir/Middlewares/FreeRTOS/kernel/portable/MemMang/heap_4.c.obj
 .bss.xFreeBytesRemaining
                0x2000069c        0x4 CMakeFiles/stm32mpu6050.dir/Middlewares/FreeRTOS/kernel/portable/MemMang/heap_4.c.obj
 .bss.pxEnd     0x200006a0        0x4 CMakeFiles/stm32mpu6050.dir/Middlewares/FreeRTOS/kernel/portable/MemMang/heap_4.c.obj
 .bss.xStart    0x200006a4        0x8 CMakeFiles/stm32mpu6050.dir/Middlewares/FreeRTOS/kernel/portable/MemMang/heap_4.c.obj
 .bss.ucHeap    0x200006ac     0x3000 CMakeFiles/stm32mpu6050.dir/Middlewares/FreeRTOS/kernel/portable/MemMang/heap_4.c.obj
 .bss.huart1    0x200036ac       0x48 CMakeFiles/stm32mpu6050.dir/Core/Src/main.c.obj
                0x200036ac                huart1
 .bss.htim2     0x200036f4       0x48 CMakeFiles/stm32mpu6050.dir/Core/Src/main.c.obj
                0x200036f4                htim2
 .bss.hi2c1     0x2000373c       0x54 CMakeFiles/stm32mpu6050.dir/Core/Src/main.c.obj
                0x2000373c                hi2c1
 .bss.hdma_usart1_tx
                0x20003790       0x44 CMakeFiles/stm32mpu6050.dir/Core/Src/stm32f1xx_hal_msp.c.obj
 .bss.__sbrk_heap_end
                0x200037d4        0x4 CMakeFiles/stm32mpu6050.dir/Core/Src/sysmem.c.obj
 .bss.uwTick    0x200037d8        0x4 cmake/stm32cubemx/CMakeFiles/STM32_Drivers.dir/__/__/Drivers/STM32F1xx_HAL_Driver/Src/stm32f1xx_hal.c.obj
                0x200037d8                uwTick
 *fill*         0x200037dc        0x4 
 .bss.pFlash    0x200037e0       0x20 cmake/stm32cubemx/CMakeFiles/STM32_Drivers.dir/__/__/Drivers/STM32F1xx_HAL_Driver/Src/stm32f1xx_hal_flash.c.obj
                0x200037e0                pFlash
 *(COMMON)
                0x20003800                        . = ALIGN (0x4)
                0x20003800                        _ebss = .
                0x20003800                        __bss_end__ = _ebss
                [!provide]                        PROVIDE (__bss_end = .)
                [!provide]                        PROVIDE (__non_tls_bss_start = ADDR (.bss))
                [!provide]                        PROVIDE (__bss_start = __tbss_start)
                [!provide]                        PROVIDE (__bss_size = (__bss_end - __bss_start))

._user_heap_stack
                0x20003800      0x400 load address 0x0800b380
                0x20003800                        . = ALIGN (0x8)
                [!provide]                        PROVIDE (end = .)
                0x20003800                        PROVIDE (_end = .)
                0x20003800                        . = (. + _Min_Heap_Size)
                0x20003c00                        . = (. + _Min_Stack_Size)
 *fill*         0x20003800      0x400 
                0x20003c00                        . = ALIGN (0x8)

/DISCARD/
 libc.a:*(*)
 libm.a:*(*)
 libgcc.a:*(*)
LOAD CMakeFiles/stm32mpu6050.dir/Core/Src/bsp_mpu6050.c.obj
LOAD CMakeFiles/stm32mpu6050.dir/Core/Src/data_protocol.c.obj
LOAD CMakeFiles/stm32mpu6050.dir/Core/Src/flash_config.c.obj
LOAD CMakeFiles/stm32mpu6050.dir/Core/Src/system_config.c.obj
LOAD CMakeFiles/stm32mpu6050.dir/Core/Src/cli_shell.c.obj
LOAD CMakeFiles/stm32mpu6050.dir/Core/Src/task_watchdog.c.obj
LOAD CMakeFiles/stm32mpu6050.dir/Core/Src/motor_control.c.obj
LOAD CMakeFiles/stm32mpu6050.dir/Core/Src/control_task.c.obj
LOAD CMakeFiles/stm32mpu6050.dir/Core/Src/sensor_fusion.c.obj
LOAD CMakeFiles/stm32mpu6050.dir/Core/Src/tasks/app_tasks.c.obj
LOAD CMakeFiles/stm32mpu6050.dir/Core/Src/tasks/freertos_vector.c.obj