/home/xingdong/桌面/ebpf-robot-safety/ebpf-robot-safety/ebpf-robot-safety/设计/stm32mpu6050/Core/Src/tasks/app_tasks.c:233:6:Task_Acquire	56	static
/home/xingdong/桌面/ebpf-robot-safety/ebpf-robot-safety/ebpf-robot-safety/设计/stm32mpu6050/Core/Src/tasks/app_tasks.c:404:6:Task_Monitor	376	static
/home/xingdong/桌面/ebpf-robot-safety/ebpf-robot-safety/ebpf-robot-safety/设计/stm32mpu6050/Core/Src/tasks/app_tasks.c:205:12:uart_rx_consume	40	static
/home/xingdong/桌面/ebpf-robot-safety/ebpf-robot-safety/ebpf-robot-safety/设计/stm32mpu6050/Core/Src/tasks/app_tasks.c:304:6:Task_Comm	120	static
/home/xingdong/桌面/ebpf-robot-safety/ebpf-robot-safety/ebpf-robot-safety/设计/stm32mpu6050/Core/Src/tasks/app_tasks.c:12:6:vApplicationMallocFailedHook	8	static
/home/xingdong/桌面/ebpf-robot-safety/ebpf-robot-safety/ebpf-robot-safety/设计/stm32mpu6050/Core/Src/tasks/app_tasks.c:21:6:vApplicationStackOverflowHook	72	static
/home/xingdong/桌面/ebpf-robot-safety/ebpf-robot-safety/ebpf-robot-safety/设计/stm32mpu6050/Core/Src/tasks/app_tasks.c:35:6:vApplicationIdleHook	0	static
/home/xingdong/桌面/ebpf-robot-safety/ebpf-robot-safety/ebpf-robot-safety/设计/stm32mpu6050/Core/Src/tasks/app_tasks.c:91:6:vConfigureTimerForRunTimeStats	16	static
/home/xingdong/桌面/ebpf-robot-safety/ebpf-robot-safety/ebpf-robot-safety/设计/stm32mpu6050/Core/Src/tasks/app_tasks.c:100:15:vGetRunTimeCounterValue	0	static
/home/xingdong/桌面/ebpf-robot-safety/ebpf-robot-safety/ebpf-robot-safety/设计/stm32mpu6050/Core/Src/tasks/app_tasks.c:451:6:AppTasks_Init	32	static
