/home/xingdong/桌面/ebpf-robot-safety/ebpf-robot-safety/ebpf-robot-safety/设计/stm32mpu6050/Middlewares/FreeRTOS/kernel/portable/GCC/ARM_CM3/port.c:248:13:prvPortStartFirstTask	0	static
/home/xingdong/桌面/ebpf-robot-safety/ebpf-robot-safety/ebpf-robot-safety/设计/stm32mpu6050/Middlewares/FreeRTOS/kernel/portable/GCC/ARM_CM3/port.c:202:13:prvTaskExitError	8	static
/home/xingdong/桌面/ebpf-robot-safety/ebpf-robot-safety/ebpf-robot-safety/设计/stm32mpu6050/Middlewares/FreeRTOS/kernel/portable/GCC/ARM_CM3/port.c:182:15:pxPortInitialiseStack	0	static
/home/xingdong/桌面/ebpf-robot-safety/ebpf-robot-safety/ebpf-robot-safety/设计/stm32mpu6050/Middlewares/FreeRTOS/kernel/portable/GCC/ARM_CM3/port.c:228:6:vPortSVCHandler	0	static
/home/xingdong/桌面/ebpf-robot-safety/ebpf-robot-safety/ebpf-robot-safety/设计/stm32mpu6050/Middlewares/FreeRTOS/kernel/portable/GCC/ARM_CM3/port.c:419:6:vPortEndScheduler	0	static
/home/xingdong/桌面/ebpf-robot-safety/ebpf-robot-safety/ebpf-robot-safety/设计/stm32mpu6050/Middlewares/FreeRTOS/kernel/portable/GCC/ARM_CM3/port.c:427:6:vPortEnterCritical	0	static
/home/xingdong/桌面/ebpf-robot-safety/ebpf-robot-safety/ebpf-robot-safety/设计/stm32mpu6050/Middlewares/FreeRTOS/kernel/portable/GCC/ARM_CM3/port.c:444:6:vPortExitCritical	0	static
/home/xingdong/桌面/ebpf-robot-safety/ebpf-robot-safety/ebpf-robot-safety/设计/stm32mpu6050/Middlewares/FreeRTOS/kernel/portable/GCC/ARM_CM3/port.c:456:6:xPortPendSVHandler	0	static
/home/xingdong/桌面/ebpf-robot-safety/ebpf-robot-safety/ebpf-robot-safety/设计/stm32mpu6050/Middlewares/FreeRTOS/kernel/portable/GCC/ARM_CM3/port.c:493:6:xPortSysTickHandler	8	static
/home/xingdong/桌面/ebpf-robot-safety/ebpf-robot-safety/ebpf-robot-safety/设计/stm32mpu6050/Middlewares/FreeRTOS/kernel/portable/GCC/ARM_CM3/port.c:745:32:vPortSetupTimerInterrupt	0	static
/home/xingdong/桌面/ebpf-robot-safety/ebpf-robot-safety/ebpf-robot-safety/设计/stm32mpu6050/Middlewares/FreeRTOS/kernel/portable/GCC/ARM_CM3/port.c:269:12:xPortStartScheduler	16	static
/home/xingdong/桌面/ebpf-robot-safety/ebpf-robot-safety/ebpf-robot-safety/设计/stm32mpu6050/Middlewares/FreeRTOS/kernel/portable/GCC/ARM_CM3/port.c:768:10:vPortValidateInterruptPriority	0	static
