/home/xingdong/桌面/ebpf-robot-safety/ebpf-robot-safety/ebpf-robot-safety/设计/stm32mpu6050/Core/Src/stm32f1xx_it.c:75:6:NMI_Handler	0	static
/home/xingdong/桌面/ebpf-robot-safety/ebpf-robot-safety/ebpf-robot-safety/设计/stm32mpu6050/Core/Src/stm32f1xx_it.c:90:6:HardFault_Handler	0	static
/home/xingdong/桌面/ebpf-robot-safety/ebpf-robot-safety/ebpf-robot-safety/设计/stm32mpu6050/Core/Src/stm32f1xx_it.c:105:6:MemManage_Handler	0	static
/home/xingdong/桌面/ebpf-robot-safety/ebpf-robot-safety/ebpf-robot-safety/设计/stm32mpu6050/Core/Src/stm32f1xx_it.c:120:6:BusFault_Handler	0	static
/home/xingdong/桌面/ebpf-robot-safety/ebpf-robot-safety/ebpf-robot-safety/设计/stm32mpu6050/Core/Src/stm32f1xx_it.c:135:6:UsageFault_Handler	0	static
/home/xingdong/桌面/ebpf-robot-safety/ebpf-robot-safety/ebpf-robot-safety/设计/stm32mpu6050/Core/Src/stm32f1xx_it.c:156:6:DebugMon_Handler	0	static
/home/xingdong/桌面/ebpf-robot-safety/ebpf-robot-safety/ebpf-robot-safety/设计/stm32mpu6050/Core/Src/stm32f1xx_it.c:175:6:SysTick_Handler	8	static
/home/xingdong/桌面/ebpf-robot-safety/ebpf-robot-safety/ebpf-robot-safety/设计/stm32mpu6050/Core/Src/stm32f1xx_it.c:204:6:TIM2_IRQHandler	0	static
/home/xingdong/桌面/ebpf-robot-safety/ebpf-robot-safety/ebpf-robot-safety/设计/stm32mpu6050/Core/Src/stm32f1xx_it.c:218:6:USART1_IRQHandler	0	static
/home/xingdong/桌面/ebpf-robot-safety/ebpf-robot-safety/ebpf-robot-safety/设计/stm32mpu6050/Core/Src/stm32f1xx_it.c:232:6:DMA1_Channel4_IRQHandler	0	static
/home/xingdong/桌面/ebpf-robot-safety/ebpf-robot-safety/ebpf-robot-safety/设计/stm32mpu6050/Core/Src/stm32f1xx_it.c:241:6:USB_LP_CAN1_RX0_IRQHandler	0	static
