/home/xingdong/桌面/ebpf-robot-safety/ebpf-robot-safety/ebpf-robot-safety/设计/stm32mpu6050/Middlewares/FreeRTOS/kernel/queue.c:2614:19:prvIsQueueEmpty	8	static
/home/xingdong/桌面/ebpf-robot-safety/ebpf-robot-safety/ebpf-robot-safety/设计/stm32mpu6050/Middlewares/FreeRTOS/kernel/queue.c:2390:19:prvCopyDataToQueue	16	static
/home/xingdong/桌面/ebpf-robot-safety/ebpf-robot-safety/ebpf-robot-safety/设计/stm32mpu6050/Middlewares/FreeRTOS/kernel/queue.c:2473:13:prvCopyDataFromQueue	4	static
/home/xingdong/桌面/ebpf-robot-safety/ebpf-robot-safety/ebpf-robot-safety/设计/stm32mpu6050/Middlewares/FreeRTOS/kernel/queue.c:2494:13:prvUnlockQueue	16	static
/home/xingdong/桌面/ebpf-robot-safety/ebpf-robot-safety/ebpf-robot-safety/设计/stm32mpu6050/Middlewares/FreeRTOS/kernel/queue.c:303:12:xQueueGenericReset	16	static
/home/xingdong/桌面/ebpf-robot-safety/ebpf-robot-safety/ebpf-robot-safety/设计/stm32mpu6050/Middlewares/FreeRTOS/kernel/queue.c:502:19:xQueueGenericCreate	24	static
/home/xingdong/桌面/ebpf-robot-safety/ebpf-robot-safety/ebpf-robot-safety/设计/stm32mpu6050/Middlewares/FreeRTOS/kernel/queue.c:902:19:xQueueCreateCountingSemaphore	8	static
/home/xingdong/桌面/ebpf-robot-safety/ebpf-robot-safety/ebpf-robot-safety/设计/stm32mpu6050/Middlewares/FreeRTOS/kernel/queue.c:939:12:xQueueGenericSend	40	static
/home/xingdong/桌面/ebpf-robot-safety/ebpf-robot-safety/ebpf-robot-safety/设计/stm32mpu6050/Middlewares/FreeRTOS/kernel/queue.c:644:19:xQueueCreateMutex	8	static
/home/xingdong/桌面/ebpf-robot-safety/ebpf-robot-safety/ebpf-robot-safety/设计/stm32mpu6050/Middlewares/FreeRTOS/kernel/queue.c:1157:12:xQueueGenericSendFromISR	32	static
/home/xingdong/桌面/ebpf-robot-safety/ebpf-robot-safety/ebpf-robot-safety/设计/stm32mpu6050/Middlewares/FreeRTOS/kernel/queue.c:1329:12:xQueueGiveFromISR	24	static
/home/xingdong/桌面/ebpf-robot-safety/ebpf-robot-safety/ebpf-robot-safety/设计/stm32mpu6050/Middlewares/FreeRTOS/kernel/queue.c:1502:12:xQueueReceive	40	static
/home/xingdong/桌面/ebpf-robot-safety/ebpf-robot-safety/ebpf-robot-safety/设计/stm32mpu6050/Middlewares/FreeRTOS/kernel/queue.c:1652:12:xQueueSemaphoreTake	40	static
/home/xingdong/桌面/ebpf-robot-safety/ebpf-robot-safety/ebpf-robot-safety/设计/stm32mpu6050/Middlewares/FreeRTOS/kernel/queue.c:1877:12:xQueuePeek	40	static
/home/xingdong/桌面/ebpf-robot-safety/ebpf-robot-safety/ebpf-robot-safety/设计/stm32mpu6050/Middlewares/FreeRTOS/kernel/queue.c:2035:12:xQueueReceiveFromISR	32	static
/home/xingdong/桌面/ebpf-robot-safety/ebpf-robot-safety/ebpf-robot-safety/设计/stm32mpu6050/Middlewares/FreeRTOS/kernel/queue.c:2135:12:xQueuePeekFromISR	24	static
/home/xingdong/桌面/ebpf-robot-safety/ebpf-robot-safety/ebpf-robot-safety/设计/stm32mpu6050/Middlewares/FreeRTOS/kernel/queue.c:2197:13:uxQueueMessagesWaiting	8	static
/home/xingdong/桌面/ebpf-robot-safety/ebpf-robot-safety/ebpf-robot-safety/设计/stm32mpu6050/Middlewares/FreeRTOS/kernel/queue.c:2217:13:uxQueueSpacesAvailable	8	static
/home/xingdong/桌面/ebpf-robot-safety/ebpf-robot-safety/ebpf-robot-safety/设计/stm32mpu6050/Middlewares/FreeRTOS/kernel/queue.c:2238:13:uxQueueMessagesWaitingFromISR	0	static
/home/xingdong/桌面/ebpf-robot-safety/ebpf-robot-safety/ebpf-robot-safety/设计/stm32mpu6050/Middlewares/FreeRTOS/kernel/queue.c:2302:17:uxQueueGetQueueNumber	0	static
/home/xingdong/桌面/ebpf-robot-safety/ebpf-robot-safety/ebpf-robot-safety/设计/stm32mpu6050/Middlewares/FreeRTOS/kernel/queue.c:2316:10:vQueueSetQueueNumber	0	static
/home/xingdong/桌面/ebpf-robot-safety/ebpf-robot-safety/ebpf-robot-safety/设计/stm32mpu6050/Middlewares/FreeRTOS/kernel/queue.c:2331:13:ucQueueGetQueueType	0	static
/home/xingdong/桌面/ebpf-robot-safety/ebpf-robot-safety/ebpf-robot-safety/设计/stm32mpu6050/Middlewares/FreeRTOS/kernel/queue.c:2343:13:uxQueueGetQueueItemSize	0	static
/home/xingdong/桌面/ebpf-robot-safety/ebpf-robot-safety/ebpf-robot-safety/设计/stm32mpu6050/Middlewares/FreeRTOS/kernel/queue.c:2353:13:uxQueueGetQueueLength	0	static
/home/xingdong/桌面/ebpf-robot-safety/ebpf-robot-safety/ebpf-robot-safety/设计/stm32mpu6050/Middlewares/FreeRTOS/kernel/queue.c:2635:12:xQueueIsQueueEmptyFromISR	0	static
/home/xingdong/桌面/ebpf-robot-safety/ebpf-robot-safety/ebpf-robot-safety/设计/stm32mpu6050/Middlewares/FreeRTOS/kernel/queue.c:2680:12:xQueueIsQueueFullFromISR	0	static
/home/xingdong/桌面/ebpf-robot-safety/ebpf-robot-safety/ebpf-robot-safety/设计/stm32mpu6050/Middlewares/FreeRTOS/kernel/queue.c:3009:10:vQueueAddToRegistry	16	static
/home/xingdong/桌面/ebpf-robot-safety/ebpf-robot-safety/ebpf-robot-safety/设计/stm32mpu6050/Middlewares/FreeRTOS/kernel/queue.c:3060:18:pcQueueGetName	0	static
/home/xingdong/桌面/ebpf-robot-safety/ebpf-robot-safety/ebpf-robot-safety/设计/stm32mpu6050/Middlewares/FreeRTOS/kernel/queue.c:3095:10:vQueueUnregisterQueue	8	static
/home/xingdong/桌面/ebpf-robot-safety/ebpf-robot-safety/ebpf-robot-safety/设计/stm32mpu6050/Middlewares/FreeRTOS/kernel/queue.c:2254:6:vQueueDelete	8	static
/home/xingdong/桌面/ebpf-robot-safety/ebpf-robot-safety/ebpf-robot-safety/设计/stm32mpu6050/Middlewares/FreeRTOS/kernel/queue.c:3132:10:vQueueWaitForMessageRestricted	16	static
